2025-07-23 19:44:06,962 - INFO - --- Final Comparative Pipeline | Target Recall: 90.0% ---
2025-07-23 19:44:06,962 - INFO - --- Loading and processing data for all subjects ---
2025-07-23 19:44:06,964 - INFO - Processing sub-001...
2025-07-23 19:44:08,296 - INFO - Added 200 windows from sub-001.
2025-07-23 19:44:08,409 - INFO - Processing sub-002...
2025-07-23 19:44:12,052 - INFO - Added 835 windows from sub-002.
2025-07-23 19:44:12,154 - INFO - Processing sub-003...
2025-07-23 19:44:12,443 - INFO - Added 59 windows from sub-003.
2025-07-23 19:44:12,525 - INFO - Processing sub-004...
2025-07-23 19:44:12,835 - INFO - Added 65 windows from sub-004.
2025-07-23 19:44:12,918 - INFO - Processing sub-005...
2025-07-23 19:44:13,202 - INFO - Added 56 windows from sub-005.
2025-07-23 19:44:13,294 - INFO - Processing sub-007...
2025-07-23 19:44:13,555 - INFO - Added 54 windows from sub-007.
2025-07-23 19:44:13,636 - INFO - Processing sub-009...
2025-07-23 19:44:13,796 - INFO - Added 31 windows from sub-009.
2025-07-23 19:44:13,878 - INFO - Processing sub-010...
2025-07-23 19:44:14,050 - INFO - Added 34 windows from sub-010.
2025-07-23 19:44:14,129 - INFO - Processing sub-011...
2025-07-23 19:44:14,563 - INFO - Added 90 windows from sub-011.
2025-07-23 19:44:14,655 - INFO - Processing sub-012...
2025-07-23 19:44:15,231 - INFO - Added 127 windows from sub-012.
2025-07-23 19:44:15,309 - INFO - Processing sub-014...
2025-07-23 19:44:15,627 - INFO - Added 64 windows from sub-014.
2025-07-23 19:44:15,707 - INFO - Processing sub-015...
2025-07-23 19:44:16,694 - INFO - Added 216 windows from sub-015.
2025-07-23 19:44:16,784 - INFO - Processing sub-016...
2025-07-23 19:44:16,998 - INFO - Added 42 windows from sub-016.
2025-07-23 19:44:17,077 - INFO - Processing sub-017...
2025-07-23 19:44:17,338 - INFO - Added 54 windows from sub-017.
2025-07-23 19:44:17,420 - INFO - Processing sub-018...
2025-07-23 19:44:17,697 - INFO - Added 57 windows from sub-018.
2025-07-23 19:44:17,796 - INFO - Processing sub-019...
2025-07-23 19:44:18,054 - INFO - Added 54 windows from sub-019.
2025-07-23 19:44:18,135 - INFO - Processing sub-020...
2025-07-23 19:44:18,354 - INFO - Added 45 windows from sub-020.
2025-07-23 19:44:18,432 - INFO - Processing sub-021...
2025-07-23 19:44:18,964 - INFO - Added 113 windows from sub-021.
2025-07-23 19:44:19,046 - INFO - Processing sub-022...
2025-07-23 19:44:19,815 - INFO - Added 164 windows from sub-022.
2025-07-23 19:44:19,905 - INFO - Processing sub-023...
2025-07-23 19:44:20,212 - INFO - Added 64 windows from sub-023.
2025-07-23 19:44:20,290 - INFO - Processing sub-024...
2025-07-23 19:44:20,702 - INFO - Added 87 windows from sub-024.
2025-07-23 19:44:20,782 - INFO - Processing sub-025...
2025-07-23 19:44:21,045 - INFO - Added 55 windows from sub-025.
2025-07-23 19:44:21,123 - INFO - Processing sub-026...
2025-07-23 19:44:22,137 - INFO - Added 221 windows from sub-026.
2025-07-23 19:44:22,238 - INFO - Processing sub-027...
2025-07-23 19:44:22,441 - INFO - Added 41 windows from sub-027.
2025-07-23 19:44:22,523 - INFO - Processing sub-028...
2025-07-23 19:44:22,892 - INFO - Added 77 windows from sub-028.
2025-07-23 19:44:22,971 - INFO - Processing sub-029...
2025-07-23 19:44:23,495 - INFO - Added 115 windows from sub-029.
2025-07-23 19:44:23,576 - INFO - Processing sub-030...
2025-07-23 19:44:24,430 - INFO - Added 187 windows from sub-030.
2025-07-23 19:44:24,508 - INFO - Processing sub-031...
2025-07-23 19:44:24,791 - INFO - Added 57 windows from sub-031.
2025-07-23 19:44:24,887 - INFO - Processing sub-032...
2025-07-23 19:44:24,973 - INFO - Added 14 windows from sub-032.
2025-07-23 19:44:25,053 - INFO - Processing sub-033...
2025-07-23 19:44:25,245 - INFO - Added 39 windows from sub-033.
2025-07-23 19:44:25,322 - INFO - Processing sub-034...
2025-07-23 19:44:26,355 - INFO - Added 231 windows from sub-034.
2025-07-23 19:44:26,434 - INFO - Processing sub-036...
2025-07-23 19:44:26,564 - INFO - Added 23 windows from sub-036.
2025-07-23 19:44:26,640 - INFO - Processing sub-037...
2025-07-23 19:44:26,842 - INFO - Added 41 windows from sub-037.
2025-07-23 19:44:26,919 - INFO - Processing sub-038...
2025-07-23 19:44:27,054 - INFO - Added 25 windows from sub-038.
2025-07-23 19:44:27,134 - INFO - Processing sub-040...
2025-07-23 19:44:27,675 - INFO - Added 119 windows from sub-040.
2025-07-23 19:44:27,763 - INFO - Processing sub-044...
2025-07-23 19:44:27,971 - INFO - Added 42 windows from sub-044.
2025-07-23 19:44:28,054 - INFO - Processing sub-045...
2025-07-23 19:44:28,259 - INFO - Added 42 windows from sub-045.
2025-07-23 19:44:28,337 - INFO - Processing sub-046...
2025-07-23 19:44:28,531 - INFO - Added 39 windows from sub-046.
2025-07-23 19:44:28,611 - INFO - Processing sub-047...
2025-07-23 19:44:28,696 - INFO - Added 13 windows from sub-047.
2025-07-23 19:44:28,777 - INFO - Processing sub-050...
2025-07-23 19:44:28,969 - INFO - Added 39 windows from sub-050.
2025-07-23 19:44:29,048 - INFO - Processing sub-052...
2025-07-23 19:44:29,727 - INFO - Added 144 windows from sub-052.
2025-07-23 19:44:29,806 - INFO - Processing sub-053...
2025-07-23 19:44:30,031 - INFO - Added 46 windows from sub-053.
2025-07-23 19:44:30,111 - INFO - Processing sub-055...
2025-07-23 19:44:30,667 - INFO - Added 121 windows from sub-055.
2025-07-23 19:44:30,748 - INFO - Processing sub-056...
2025-07-23 19:44:31,970 - INFO - Added 277 windows from sub-056.
2025-07-23 19:44:32,059 - INFO - Processing sub-057...
2025-07-23 19:44:32,332 - INFO - Added 57 windows from sub-057.
2025-07-23 19:44:32,413 - INFO - Processing sub-059...
2025-07-23 19:44:32,660 - INFO - Added 52 windows from sub-059.
2025-07-23 19:44:32,738 - INFO - Processing sub-060...
2025-07-23 19:44:33,636 - INFO - Added 196 windows from sub-060.
2025-07-23 19:44:33,714 - INFO - Processing sub-061...
2025-07-23 19:44:33,796 - INFO - Added 12 windows from sub-061.
2025-07-23 19:44:33,874 - INFO - Processing sub-063...
2025-07-23 19:44:33,971 - INFO - Added 16 windows from sub-063.
2025-07-23 19:44:34,046 - INFO - Processing sub-064...
2025-07-23 19:44:34,552 - INFO - Added 109 windows from sub-064.
2025-07-23 19:44:34,653 - INFO - Processing sub-065...
2025-07-23 19:44:34,816 - INFO - Added 32 windows from sub-065.
2025-07-23 19:44:34,894 - INFO - Processing sub-066...
2025-07-23 19:44:36,112 - INFO - Added 272 windows from sub-066.
2025-07-23 19:44:36,191 - INFO - Processing sub-068...
2025-07-23 19:44:36,655 - INFO - Added 99 windows from sub-068.
2025-07-23 19:44:36,736 - INFO - Processing sub-069...
2025-07-23 19:44:36,977 - INFO - Added 50 windows from sub-069.
2025-07-23 19:44:37,053 - INFO - Processing sub-070...
2025-07-23 19:44:37,673 - INFO - Added 135 windows from sub-070.
2025-07-23 19:44:37,752 - INFO - Processing sub-071...
2025-07-23 19:44:40,821 - INFO - Added 730 windows from sub-071.
2025-07-23 19:44:40,907 - INFO - Processing sub-072...
2025-07-23 19:44:45,779 - INFO - Added 1193 windows from sub-072.
2025-07-23 19:44:45,856 - INFO - Processing sub-073...
2025-07-23 19:45:21,435 - INFO - Added 8783 windows from sub-073.
2025-07-23 19:45:21,542 - INFO - Processing sub-074...
2025-07-23 19:45:25,988 - INFO - Added 1065 windows from sub-074.
2025-07-23 19:45:26,064 - INFO - Processing sub-075...
2025-07-23 19:45:26,523 - INFO - Added 97 windows from sub-075.
2025-07-23 19:45:26,619 - INFO - Processing sub-076...
2025-07-23 19:45:27,267 - INFO - Added 144 windows from sub-076.
2025-07-23 19:45:27,344 - INFO - Processing sub-077...
2025-07-23 19:45:28,498 - INFO - Added 265 windows from sub-077.
2025-07-23 19:45:28,575 - INFO - Processing sub-078...
2025-07-23 19:45:28,936 - INFO - Added 78 windows from sub-078.
2025-07-23 19:45:29,015 - INFO - Processing sub-079...
2025-07-23 19:45:30,591 - INFO - Added 367 windows from sub-079.
2025-07-23 19:45:30,668 - INFO - Processing sub-080...
2025-07-23 19:45:31,472 - INFO - Added 177 windows from sub-080.
2025-07-23 19:45:31,559 - INFO - Processing sub-081...
2025-07-23 19:45:32,572 - INFO - Added 234 windows from sub-081.
2025-07-23 19:45:32,651 - INFO - Processing sub-082...
2025-07-23 19:45:32,976 - INFO - Added 70 windows from sub-082.
2025-07-23 19:45:33,052 - INFO - Processing sub-083...
2025-07-23 19:45:33,322 - INFO - Added 57 windows from sub-083.
2025-07-23 19:45:33,397 - INFO - Processing sub-084...
2025-07-23 19:45:35,871 - INFO - Added 597 windows from sub-084.
2025-07-23 19:45:35,949 - INFO - Processing sub-085...
2025-07-23 19:45:36,827 - INFO - Added 206 windows from sub-085.
2025-07-23 19:45:36,928 - INFO - Processing sub-086...
2025-07-23 19:45:39,064 - INFO - Added 511 windows from sub-086.
2025-07-23 19:45:39,141 - INFO - Processing sub-087...
2025-07-23 19:46:23,129 - INFO - Added 10982 windows from sub-087.
2025-07-23 19:46:23,216 - INFO - Processing sub-088...
2025-07-23 19:46:23,346 - INFO - Added 22 windows from sub-088.
2025-07-23 19:46:23,425 - INFO - Processing sub-089...
2025-07-23 19:46:29,765 - INFO - Added 1554 windows from sub-089.
2025-07-23 19:46:29,843 - INFO - Processing sub-090...
2025-07-23 19:46:31,766 - INFO - Added 462 windows from sub-090.
2025-07-23 19:46:31,839 - INFO - Processing sub-091...
2025-07-23 19:46:32,607 - INFO - Added 186 windows from sub-091.
2025-07-23 19:46:32,682 - INFO - Processing sub-092...
2025-07-23 19:46:36,200 - INFO - Added 860 windows from sub-092.
2025-07-23 19:46:36,275 - INFO - Processing sub-093...
2025-07-23 19:46:36,592 - INFO - Added 68 windows from sub-093.
2025-07-23 19:46:36,670 - INFO - Processing sub-094...
2025-07-23 19:46:37,756 - INFO - Added 256 windows from sub-094.
2025-07-23 19:46:37,831 - INFO - Processing sub-095...
2025-07-23 19:46:38,056 - INFO - Added 47 windows from sub-095.
2025-07-23 19:46:38,135 - INFO - Processing sub-096...
2025-07-23 19:46:38,339 - INFO - Added 43 windows from sub-096.
2025-07-23 19:46:38,415 - INFO - Processing sub-098...
2025-07-23 19:46:38,723 - INFO - Added 66 windows from sub-098.
2025-07-23 19:46:38,798 - INFO - Processing sub-099...
2025-07-23 19:46:39,146 - INFO - Added 75 windows from sub-099.
2025-07-23 19:46:39,225 - INFO - Processing sub-100...
2025-07-23 19:46:39,812 - INFO - Added 129 windows from sub-100.
2025-07-23 19:46:39,887 - INFO - Processing sub-101...
2025-07-23 19:46:40,498 - INFO - Added 135 windows from sub-101.
2025-07-23 19:46:40,597 - INFO - Processing sub-102...
2025-07-23 19:46:40,897 - INFO - Added 64 windows from sub-102.
2025-07-23 19:46:40,974 - INFO - Processing sub-103...
2025-07-23 19:46:41,103 - INFO - Added 24 windows from sub-103.
2025-07-23 19:46:41,180 - INFO - Processing sub-104...
2025-07-23 19:46:41,466 - INFO - Added 61 windows from sub-104.
2025-07-23 19:46:41,545 - INFO - Processing sub-105...
2025-07-23 19:46:41,713 - INFO - Added 33 windows from sub-105.
2025-07-23 19:46:41,791 - INFO - Processing sub-106...
2025-07-23 19:46:42,019 - INFO - Added 47 windows from sub-106.
2025-07-23 19:46:42,093 - INFO - Processing sub-107...
2025-07-23 19:46:42,578 - INFO - Added 106 windows from sub-107.
2025-07-23 19:46:42,654 - INFO - Processing sub-109...
2025-07-23 19:46:43,207 - INFO - Added 120 windows from sub-109.
2025-07-23 19:46:43,282 - INFO - Processing sub-110...
2025-07-23 19:46:43,497 - INFO - Added 44 windows from sub-110.
2025-07-23 19:46:43,570 - INFO - Processing sub-111...
2025-07-23 19:46:43,814 - INFO - Added 52 windows from sub-111.
2025-07-23 19:46:43,887 - INFO - Processing sub-112...
2025-07-23 19:46:44,555 - INFO - Added 148 windows from sub-112.
2025-07-23 19:46:44,629 - INFO - Processing sub-113...
2025-07-23 19:46:45,356 - INFO - Added 161 windows from sub-113.
2025-07-23 19:46:45,432 - INFO - Processing sub-114...
2025-07-23 19:46:45,992 - INFO - Added 120 windows from sub-114.
2025-07-23 19:46:46,066 - INFO - Processing sub-115...
2025-07-23 19:46:49,127 - INFO - Added 730 windows from sub-115.
2025-07-23 19:46:49,213 - INFO - Processing sub-116...
2025-07-23 19:46:52,376 - INFO - Added 753 windows from sub-116.
2025-07-23 19:46:52,451 - INFO - Processing sub-118...
2025-07-23 19:46:52,680 - INFO - Added 47 windows from sub-118.
2025-07-23 19:46:52,754 - INFO - Processing sub-119...
2025-07-23 19:46:53,898 - INFO - Added 264 windows from sub-119.
2025-07-23 19:46:53,974 - INFO - Processing sub-121...
2025-07-23 19:46:54,661 - INFO - Added 162 windows from sub-121.
2025-07-23 19:46:54,736 - INFO - Processing sub-122...
2025-07-23 19:46:54,929 - INFO - Added 39 windows from sub-122.
2025-07-23 19:46:55,005 - INFO - Processing sub-123...
2025-07-23 19:46:55,265 - INFO - Added 58 windows from sub-123.
2025-07-23 19:46:55,340 - INFO - Processing sub-124...
2025-07-23 19:46:55,563 - INFO - Added 47 windows from sub-124.
2025-07-23 19:46:55,639 - INFO - Processing sub-125...
2025-07-23 19:46:55,970 - INFO - Added 72 windows from sub-125.
2025-07-23 19:46:56,058 - INFO - Total loaded windows: 38160 from 106 subjects.
2025-07-23 19:46:56,060 - INFO - 
========== Starting Experiment: EEG_Only (Advanced) ==========
2025-07-23 19:46:56,119 - INFO - Generating learning curve for EEG_Only (Advanced)... (This may take some time)
2025-07-23 19:47:11,172 - INFO - --- Fold 1/5: Testing on 1 subjects ---
2025-07-23 19:47:11,995 - INFO - --- Fold 2/5: Testing on 1 subjects ---
2025-07-23 19:47:12,752 - INFO - --- Fold 3/5: Testing on 27 subjects ---
2025-07-23 19:47:13,464 - INFO - --- Fold 4/5: Testing on 37 subjects ---
2025-07-23 19:47:13,930 - INFO - --- Fold 5/5: Testing on 40 subjects ---
2025-07-23 19:47:14,452 - INFO - Optimized Metrics for EEG_Only (Advanced): F1=0.346, Recall=0.900, Precision=0.214
2025-07-23 19:47:14,452 - INFO - 
========== Starting Experiment: ECG_Only (HRV) ==========
2025-07-23 19:47:14,511 - INFO - Generating learning curve for ECG_Only (HRV)... (This may take some time)
2025-07-23 19:47:22,271 - INFO - --- Fold 1/5: Testing on 1 subjects ---
2025-07-23 19:47:22,819 - INFO - --- Fold 2/5: Testing on 1 subjects ---
2025-07-23 19:47:23,336 - INFO - --- Fold 3/5: Testing on 27 subjects ---
2025-07-23 19:47:23,811 - INFO - --- Fold 4/5: Testing on 37 subjects ---
2025-07-23 19:47:24,175 - INFO - --- Fold 5/5: Testing on 40 subjects ---
2025-07-23 19:47:24,593 - INFO - Optimized Metrics for ECG_Only (HRV): F1=0.204, Recall=0.900, Precision=0.115
2025-07-23 19:47:24,593 - INFO - 
========== Starting Experiment: Fused_EEG_ECG (Advanced) ==========
2025-07-23 19:47:24,662 - INFO - Generating learning curve for Fused_EEG_ECG (Advanced)... (This may take some time)
2025-07-23 19:47:41,965 - INFO - --- Fold 1/5: Testing on 1 subjects ---
2025-07-23 19:47:42,915 - INFO - --- Fold 2/5: Testing on 1 subjects ---
2025-07-23 19:47:43,900 - INFO - --- Fold 3/5: Testing on 27 subjects ---
2025-07-23 19:47:44,726 - INFO - --- Fold 4/5: Testing on 37 subjects ---
2025-07-23 19:47:45,267 - INFO - --- Fold 5/5: Testing on 40 subjects ---
2025-07-23 19:47:45,865 - INFO - Optimized Metrics for Fused_EEG_ECG (Advanced): F1=0.351, Recall=0.900, Precision=0.218
2025-07-23 19:47:45,866 - INFO - 
--- Generating Final Comparison Plots ---
2025-07-23 19:47:46,755 - INFO - Generating prediction distribution plots...
2025-07-23 19:47:49,865 - INFO - Generating summary metrics bar chart...
2025-07-23 19:47:50,215 - INFO - 
--- Final Model Performance Summary (at Optimized Threshold) ---
2025-07-23 19:47:50,220 - INFO -                  model_name   roc_auc  f1_seizure  recall_seizure  precision_seizure  optimal_threshold optimization_target
0       EEG_Only (Advanced)  0.911452    0.345686        0.899738           0.213942           0.081908         Recall>=0.9
1            ECG_Only (HRV)  0.593192    0.204076        0.900214           0.115083           0.120520         Recall>=0.9
2  Fused_EEG_ECG (Advanced)  0.914156    0.351486        0.899976           0.218389           0.077076         Recall>=0.9
2025-07-23 19:47:50,220 - INFO - 
--- Finalizing, Saving, and Analyzing ALL Models ---
2025-07-23 19:47:50,220 - INFO - Training final version of: EEG_Only (Advanced)
2025-07-23 19:47:50,966 - INFO - Plotting feature importances for EEG_Only (Advanced)...
2025-07-23 19:47:51,348 - INFO - Saved final model and scaler for EEG_Only (Advanced).
2025-07-23 19:47:51,349 - INFO - Training final version of: ECG_Only (HRV)
2025-07-23 19:47:51,807 - INFO - Plotting feature importances for ECG_Only (HRV)...
2025-07-23 19:47:52,124 - INFO - Saved final model and scaler for ECG_Only (HRV).
2025-07-23 19:47:52,124 - INFO - Training final version of: Fused_EEG_ECG (Advanced)
2025-07-23 19:47:53,067 - INFO - Plotting feature importances for Fused_EEG_ECG (Advanced)...
2025-07-23 19:47:53,595 - INFO - Saved final model and scaler for Fused_EEG_ECG (Advanced).
2025-07-23 19:47:53,595 - INFO - 
--- Final Comparative Pipeline Complete ---
