2025-04-18 15:48:25,257 - INFO - ==== ECG preprocessing started ====
2025-04-18 15:49:09,631 - INFO - sub-002_ses-01_task-szMonitoring_run-06_ecg.edf → sz=3, non=500
2025-04-18 15:49:45,215 - WARNING - nk.ecg_process failed: cannot convert float NaN to integer
2025-04-18 15:49:45,739 - WARNING - nk.ecg_process failed: cannot convert float NaN to integer
2025-04-18 15:49:45,745 - WARNING - nk.ecg_process failed: cannot convert float NaN to integer
2025-04-18 15:49:45,751 - WARNING - nk.ecg_process failed: cannot convert float NaN to integer
2025-04-18 15:49:45,910 - INFO - sub-002_ses-01_task-szMonitoring_run-07_ecg.edf → sz=0, non=431
2025-04-18 15:50:28,871 - INFO - sub-002_ses-01_task-szMonitoring_run-05_ecg.edf → sz=2, non=500
2025-04-18 15:51:05,409 - INFO - sub-002_ses-01_task-szMonitoring_run-04_ecg.edf → sz=0, non=500
2025-04-18 15:51:45,135 - INFO - sub-002_ses-01_task-szMonitoring_run-08_ecg.edf → sz=0, non=500
2025-04-18 15:52:26,049 - INFO - sub-002_ses-01_task-szMonitoring_run-01_ecg.edf → sz=2, non=500
2025-04-18 15:53:04,913 - INFO - sub-002_ses-01_task-szMonitoring_run-11_ecg.edf → sz=0, non=500
2025-04-18 15:53:42,504 - INFO - sub-002_ses-01_task-szMonitoring_run-10_ecg.edf → sz=1, non=500
2025-04-18 15:54:10,819 - WARNING - nk.ecg_process failed: integer division or modulo by zero
2025-04-18 15:54:10,824 - WARNING - nk.ecg_process failed: integer division or modulo by zero
2025-04-18 15:54:10,830 - WARNING - nk.ecg_process failed: integer division or modulo by zero
2025-04-18 15:54:10,835 - WARNING - nk.ecg_process failed: integer division or modulo by zero
2025-04-18 15:54:10,840 - WARNING - nk.ecg_process failed: integer division or modulo by zero
2025-04-18 15:54:10,846 - WARNING - nk.ecg_process failed: integer division or modulo by zero
2025-04-18 15:54:10,851 - WARNING - nk.ecg_process failed: integer division or modulo by zero
2025-04-18 15:54:10,856 - WARNING - nk.ecg_process failed: cannot convert float NaN to integer
2025-04-18 15:54:10,861 - WARNING - nk.ecg_process failed: integer division or modulo by zero
2025-04-18 15:54:10,866 - WARNING - nk.ecg_process failed: integer division or modulo by zero
2025-04-18 15:54:10,871 - WARNING - nk.ecg_process failed: integer division or modulo by zero
2025-04-18 15:54:10,877 - WARNING - nk.ecg_process failed: integer division or modulo by zero
2025-04-18 15:54:10,883 - WARNING - nk.ecg_process failed: integer division or modulo by zero
2025-04-18 15:54:10,889 - WARNING - nk.ecg_process failed: integer division or modulo by zero
2025-04-18 15:54:10,895 - WARNING - nk.ecg_process failed: integer division or modulo by zero
2025-04-18 15:54:10,901 - WARNING - nk.ecg_process failed: integer division or modulo by zero
2025-04-18 15:54:10,907 - WARNING - nk.ecg_process failed: cannot convert float NaN to integer
2025-04-18 15:54:10,914 - WARNING - nk.ecg_process failed: cannot convert float NaN to integer
2025-04-18 15:54:10,919 - WARNING - nk.ecg_process failed: integer division or modulo by zero
2025-04-18 15:54:10,925 - WARNING - nk.ecg_process failed: cannot convert float NaN to integer
2025-04-18 15:54:10,930 - WARNING - nk.ecg_process failed: integer division or modulo by zero
2025-04-18 15:54:10,936 - WARNING - nk.ecg_process failed: integer division or modulo by zero
2025-04-18 15:54:10,941 - WARNING - nk.ecg_process failed: integer division or modulo by zero
2025-04-18 15:54:10,946 - WARNING - nk.ecg_process failed: integer division or modulo by zero
2025-04-18 15:54:10,951 - WARNING - nk.ecg_process failed: integer division or modulo by zero
2025-04-18 15:54:10,956 - WARNING - nk.ecg_process failed: integer division or modulo by zero
2025-04-18 15:54:10,962 - WARNING - nk.ecg_process failed: integer division or modulo by zero
2025-04-18 15:54:10,966 - WARNING - nk.ecg_process failed: integer division or modulo by zero
2025-04-18 15:54:10,972 - WARNING - nk.ecg_process failed: integer division or modulo by zero
2025-04-18 15:54:10,977 - WARNING - nk.ecg_process failed: cannot convert float NaN to integer
2025-04-18 15:54:10,982 - WARNING - nk.ecg_process failed: integer division or modulo by zero
2025-04-18 15:54:10,987 - WARNING - nk.ecg_process failed: cannot convert float NaN to integer
2025-04-18 15:54:10,993 - WARNING - nk.ecg_process failed: integer division or modulo by zero
2025-04-18 15:54:10,998 - WARNING - nk.ecg_process failed: cannot convert float NaN to integer
2025-04-18 15:54:11,003 - WARNING - nk.ecg_process failed: integer division or modulo by zero
2025-04-18 15:54:11,008 - WARNING - nk.ecg_process failed: cannot convert float NaN to integer
2025-04-18 15:54:11,014 - WARNING - nk.ecg_process failed: cannot convert float NaN to integer
2025-04-18 15:54:11,019 - WARNING - nk.ecg_process failed: integer division or modulo by zero
2025-04-18 15:54:11,024 - WARNING - nk.ecg_process failed: integer division or modulo by zero
2025-04-18 15:54:11,029 - WARNING - nk.ecg_process failed: cannot convert float NaN to integer
2025-04-18 15:54:11,035 - WARNING - nk.ecg_process failed: integer division or modulo by zero
2025-04-18 15:54:11,040 - WARNING - nk.ecg_process failed: integer division or modulo by zero
2025-04-18 15:54:11,045 - WARNING - nk.ecg_process failed: integer division or modulo by zero
2025-04-18 15:54:11,050 - WARNING - nk.ecg_process failed: integer division or modulo by zero
2025-04-18 15:54:11,055 - WARNING - nk.ecg_process failed: integer division or modulo by zero
2025-04-18 15:54:11,061 - WARNING - nk.ecg_process failed: integer division or modulo by zero
2025-04-18 15:54:11,066 - WARNING - nk.ecg_process failed: integer division or modulo by zero
2025-04-18 15:54:11,071 - WARNING - nk.ecg_process failed: integer division or modulo by zero
2025-04-18 15:54:11,076 - WARNING - nk.ecg_process failed: integer division or modulo by zero
2025-04-18 15:54:11,081 - WARNING - nk.ecg_process failed: integer division or modulo by zero
2025-04-18 15:54:11,086 - WARNING - nk.ecg_process failed: integer division or modulo by zero
2025-04-18 15:54:11,091 - WARNING - nk.ecg_process failed: integer division or modulo by zero
2025-04-18 15:54:11,097 - WARNING - nk.ecg_process failed: cannot convert float NaN to integer
2025-04-18 15:54:11,102 - WARNING - nk.ecg_process failed: integer division or modulo by zero
2025-04-18 15:54:11,107 - WARNING - nk.ecg_process failed: cannot convert float NaN to integer
2025-04-18 15:54:11,112 - WARNING - nk.ecg_process failed: integer division or modulo by zero
2025-04-18 15:54:11,117 - WARNING - nk.ecg_process failed: integer division or modulo by zero
2025-04-18 15:54:11,122 - WARNING - nk.ecg_process failed: integer division or modulo by zero
2025-04-18 15:54:11,127 - WARNING - nk.ecg_process failed: cannot convert float NaN to integer
2025-04-18 15:54:11,133 - WARNING - nk.ecg_process failed: integer division or modulo by zero
2025-04-18 15:54:11,138 - WARNING - nk.ecg_process failed: integer division or modulo by zero
2025-04-18 15:54:11,143 - WARNING - nk.ecg_process failed: integer division or modulo by zero
2025-04-18 15:54:11,148 - WARNING - nk.ecg_process failed: integer division or modulo by zero
2025-04-18 15:54:11,153 - WARNING - nk.ecg_process failed: cannot convert float NaN to integer
2025-04-18 15:54:11,158 - WARNING - nk.ecg_process failed: integer division or modulo by zero
2025-04-18 15:54:11,163 - WARNING - nk.ecg_process failed: integer division or modulo by zero
2025-04-18 15:54:11,168 - WARNING - nk.ecg_process failed: integer division or modulo by zero
2025-04-18 15:54:11,174 - WARNING - nk.ecg_process failed: integer division or modulo by zero
2025-04-18 15:54:11,179 - WARNING - nk.ecg_process failed: integer division or modulo by zero
2025-04-18 15:54:11,184 - WARNING - nk.ecg_process failed: integer division or modulo by zero
2025-04-18 15:54:11,190 - WARNING - nk.ecg_process failed: integer division or modulo by zero
2025-04-18 15:54:11,195 - WARNING - nk.ecg_process failed: cannot convert float NaN to integer
2025-04-18 15:54:11,201 - WARNING - nk.ecg_process failed: integer division or modulo by zero
2025-04-18 15:54:11,206 - WARNING - nk.ecg_process failed: integer division or modulo by zero
2025-04-18 15:54:11,211 - WARNING - nk.ecg_process failed: integer division or modulo by zero
2025-04-18 15:54:11,217 - WARNING - nk.ecg_process failed: cannot convert float NaN to integer
2025-04-18 15:54:11,222 - WARNING - nk.ecg_process failed: integer division or modulo by zero
2025-04-18 15:54:11,227 - WARNING - nk.ecg_process failed: integer division or modulo by zero
2025-04-18 15:54:11,232 - WARNING - nk.ecg_process failed: integer division or modulo by zero
2025-04-18 15:54:11,237 - WARNING - nk.ecg_process failed: cannot convert float NaN to integer
2025-04-18 15:54:11,311 - WARNING - nk.ecg_process failed: cannot convert float NaN to integer
2025-04-18 15:54:11,316 - WARNING - nk.ecg_process failed: integer division or modulo by zero
2025-04-18 15:54:11,321 - WARNING - nk.ecg_process failed: cannot convert float NaN to integer
2025-04-18 15:54:11,326 - WARNING - nk.ecg_process failed: integer division or modulo by zero
2025-04-18 15:54:11,332 - WARNING - nk.ecg_process failed: cannot convert float NaN to integer
2025-04-18 15:54:11,339 - WARNING - nk.ecg_process failed: cannot convert float NaN to integer
2025-04-18 15:54:11,344 - WARNING - nk.ecg_process failed: cannot convert float NaN to integer
2025-04-18 15:54:11,351 - WARNING - nk.ecg_process failed: integer division or modulo by zero
2025-04-18 15:54:11,356 - WARNING - nk.ecg_process failed: integer division or modulo by zero
2025-04-18 15:54:11,361 - WARNING - nk.ecg_process failed: integer division or modulo by zero
2025-04-18 15:54:11,366 - WARNING - nk.ecg_process failed: cannot convert float NaN to integer
2025-04-18 15:54:11,373 - WARNING - nk.ecg_process failed: integer division or modulo by zero
2025-04-18 15:54:11,379 - WARNING - nk.ecg_process failed: integer division or modulo by zero
2025-04-18 15:54:11,385 - WARNING - nk.ecg_process failed: integer division or modulo by zero
2025-04-18 15:54:11,391 - WARNING - nk.ecg_process failed: integer division or modulo by zero
2025-04-18 15:54:11,396 - WARNING - nk.ecg_process failed: integer division or modulo by zero
2025-04-18 15:54:11,401 - WARNING - nk.ecg_process failed: integer division or modulo by zero
2025-04-18 15:54:11,406 - WARNING - nk.ecg_process failed: integer division or modulo by zero
2025-04-18 15:54:11,411 - WARNING - nk.ecg_process failed: integer division or modulo by zero
2025-04-18 15:54:11,416 - WARNING - nk.ecg_process failed: integer division or modulo by zero
2025-04-18 15:54:11,421 - WARNING - nk.ecg_process failed: integer division or modulo by zero
2025-04-18 15:54:11,426 - WARNING - nk.ecg_process failed: integer division or modulo by zero
2025-04-18 15:54:11,431 - WARNING - nk.ecg_process failed: integer division or modulo by zero
2025-04-18 15:54:11,437 - WARNING - nk.ecg_process failed: cannot convert float NaN to integer
2025-04-18 15:54:11,442 - WARNING - nk.ecg_process failed: integer division or modulo by zero
2025-04-18 15:54:11,447 - WARNING - nk.ecg_process failed: integer division or modulo by zero
2025-04-18 15:54:11,452 - WARNING - nk.ecg_process failed: integer division or modulo by zero
2025-04-18 15:54:11,457 - WARNING - nk.ecg_process failed: integer division or modulo by zero
2025-04-18 15:54:11,462 - WARNING - nk.ecg_process failed: integer division or modulo by zero
2025-04-18 15:54:11,467 - WARNING - nk.ecg_process failed: integer division or modulo by zero
2025-04-18 15:54:11,472 - WARNING - nk.ecg_process failed: integer division or modulo by zero
2025-04-18 15:54:11,477 - WARNING - nk.ecg_process failed: integer division or modulo by zero
2025-04-18 15:54:11,482 - WARNING - nk.ecg_process failed: cannot convert float NaN to integer
2025-04-18 15:54:11,488 - WARNING - nk.ecg_process failed: integer division or modulo by zero
2025-04-18 15:54:11,493 - WARNING - nk.ecg_process failed: cannot convert float NaN to integer
2025-04-18 15:54:11,498 - WARNING - nk.ecg_process failed: integer division or modulo by zero
2025-04-18 15:54:11,503 - WARNING - nk.ecg_process failed: integer division or modulo by zero
2025-04-18 15:54:11,508 - WARNING - nk.ecg_process failed: integer division or modulo by zero
2025-04-18 15:54:11,513 - WARNING - nk.ecg_process failed: integer division or modulo by zero
2025-04-18 15:54:11,519 - WARNING - nk.ecg_process failed: integer division or modulo by zero
2025-04-18 15:54:11,524 - WARNING - nk.ecg_process failed: cannot convert float NaN to integer
2025-04-18 15:54:11,529 - WARNING - nk.ecg_process failed: cannot convert float NaN to integer
2025-04-18 15:54:11,534 - WARNING - nk.ecg_process failed: integer division or modulo by zero
2025-04-18 15:54:11,539 - WARNING - nk.ecg_process failed: integer division or modulo by zero
2025-04-18 15:54:11,544 - WARNING - nk.ecg_process failed: cannot convert float NaN to integer
2025-04-18 15:54:11,549 - WARNING - nk.ecg_process failed: integer division or modulo by zero
2025-04-18 15:54:11,554 - WARNING - nk.ecg_process failed: integer division or modulo by zero
2025-04-18 15:54:11,560 - WARNING - nk.ecg_process failed: integer division or modulo by zero
2025-04-18 15:54:11,565 - WARNING - nk.ecg_process failed: integer division or modulo by zero
2025-04-18 15:54:11,570 - WARNING - nk.ecg_process failed: integer division or modulo by zero
2025-04-18 15:54:11,575 - WARNING - nk.ecg_process failed: integer division or modulo by zero
2025-04-18 15:54:11,580 - WARNING - nk.ecg_process failed: integer division or modulo by zero
2025-04-18 15:54:11,585 - WARNING - nk.ecg_process failed: integer division or modulo by zero
2025-04-18 15:54:11,590 - WARNING - nk.ecg_process failed: integer division or modulo by zero
2025-04-18 15:54:11,595 - WARNING - nk.ecg_process failed: integer division or modulo by zero
2025-04-18 15:54:11,600 - WARNING - nk.ecg_process failed: integer division or modulo by zero
2025-04-18 15:54:11,605 - WARNING - nk.ecg_process failed: integer division or modulo by zero
2025-04-18 15:54:11,610 - WARNING - nk.ecg_process failed: integer division or modulo by zero
2025-04-18 15:54:11,615 - WARNING - nk.ecg_process failed: integer division or modulo by zero
2025-04-18 15:54:11,620 - WARNING - nk.ecg_process failed: integer division or modulo by zero
2025-04-18 15:54:11,625 - WARNING - nk.ecg_process failed: integer division or modulo by zero
2025-04-18 15:54:11,630 - WARNING - nk.ecg_process failed: integer division or modulo by zero
2025-04-18 15:54:11,636 - WARNING - nk.ecg_process failed: integer division or modulo by zero
2025-04-18 15:54:11,641 - WARNING - nk.ecg_process failed: integer division or modulo by zero
2025-04-18 15:54:11,646 - WARNING - nk.ecg_process failed: integer division or modulo by zero
2025-04-18 15:54:11,651 - WARNING - nk.ecg_process failed: integer division or modulo by zero
2025-04-18 15:54:11,656 - WARNING - nk.ecg_process failed: integer division or modulo by zero
2025-04-18 15:54:11,751 - WARNING - nk.ecg_process failed: integer division or modulo by zero
2025-04-18 15:54:11,840 - WARNING - nk.ecg_process failed: integer division or modulo by zero
2025-04-18 15:54:11,845 - WARNING - nk.ecg_process failed: integer division or modulo by zero
2025-04-18 15:54:11,851 - WARNING - nk.ecg_process failed: integer division or modulo by zero
2025-04-18 15:54:11,857 - WARNING - nk.ecg_process failed: integer division or modulo by zero
2025-04-18 15:54:11,862 - WARNING - nk.ecg_process failed: integer division or modulo by zero
2025-04-18 15:54:11,868 - WARNING - nk.ecg_process failed: integer division or modulo by zero
2025-04-18 15:54:11,873 - WARNING - nk.ecg_process failed: integer division or modulo by zero
2025-04-18 15:54:11,878 - WARNING - nk.ecg_process failed: integer division or modulo by zero
2025-04-18 15:54:11,884 - WARNING - nk.ecg_process failed: integer division or modulo by zero
2025-04-18 15:54:11,889 - WARNING - nk.ecg_process failed: integer division or modulo by zero
2025-04-18 15:54:11,894 - WARNING - nk.ecg_process failed: integer division or modulo by zero
2025-04-18 15:54:11,899 - WARNING - nk.ecg_process failed: integer division or modulo by zero
2025-04-18 15:54:11,904 - WARNING - nk.ecg_process failed: integer division or modulo by zero
2025-04-18 15:54:11,909 - WARNING - nk.ecg_process failed: integer division or modulo by zero
2025-04-18 15:54:11,915 - WARNING - nk.ecg_process failed: cannot convert float NaN to integer
2025-04-18 15:54:11,920 - WARNING - nk.ecg_process failed: integer division or modulo by zero
2025-04-18 15:54:11,925 - WARNING - nk.ecg_process failed: integer division or modulo by zero
2025-04-18 15:54:11,930 - WARNING - nk.ecg_process failed: integer division or modulo by zero
2025-04-18 15:54:11,935 - WARNING - nk.ecg_process failed: cannot convert float NaN to integer
2025-04-18 15:54:11,940 - WARNING - nk.ecg_process failed: integer division or modulo by zero
2025-04-18 15:54:11,946 - WARNING - nk.ecg_process failed: cannot convert float NaN to integer
2025-04-18 15:54:11,951 - WARNING - nk.ecg_process failed: cannot convert float NaN to integer
2025-04-18 15:54:11,956 - WARNING - nk.ecg_process failed: integer division or modulo by zero
2025-04-18 15:54:11,956 - INFO - sub-002_ses-01_task-szMonitoring_run-09_ecg.edf → sz=4, non=500
2025-04-18 15:54:45,170 - WARNING - nk.ecg_process failed: cannot convert float NaN to integer
2025-04-18 15:54:53,691 - INFO - sub-002_ses-01_task-szMonitoring_run-02_ecg.edf → sz=2, non=500
2025-04-18 15:55:31,802 - INFO - sub-002_ses-01_task-szMonitoring_run-12_ecg.edf → sz=0, non=500
2025-04-18 15:56:12,082 - INFO - sub-002_ses-01_task-szMonitoring_run-03_ecg.edf → sz=1, non=500
2025-04-18 15:56:55,820 - INFO - sub-005_ses-01_task-szMonitoring_run-05_ecg.edf → sz=0, non=500
2025-04-18 15:57:07,536 - INFO - sub-005_ses-01_task-szMonitoring_run-15_ecg.edf → sz=0, non=151
2025-04-18 15:57:50,076 - INFO - sub-005_ses-01_task-szMonitoring_run-23_ecg.edf → sz=1, non=500
2025-04-18 15:58:31,406 - INFO - sub-005_ses-01_task-szMonitoring_run-22_ecg.edf → sz=1, non=500
2025-04-18 15:58:44,408 - INFO - sub-005_ses-01_task-szMonitoring_run-14_ecg.edf → sz=0, non=166
2025-04-18 15:59:30,955 - INFO - sub-005_ses-01_task-szMonitoring_run-04_ecg.edf → sz=0, non=500
2025-04-18 16:00:08,356 - INFO - sub-005_ses-01_task-szMonitoring_run-20_ecg.edf → sz=0, non=431
2025-04-18 16:00:49,566 - INFO - sub-005_ses-01_task-szMonitoring_run-06_ecg.edf → sz=0, non=500
2025-04-18 16:01:07,082 - INFO - sub-005_ses-01_task-szMonitoring_run-16_ecg.edf → sz=0, non=238
2025-04-18 16:01:49,438 - INFO - sub-005_ses-01_task-szMonitoring_run-17_ecg.edf → sz=0, non=500
2025-04-18 16:02:28,809 - INFO - sub-005_ses-01_task-szMonitoring_run-07_ecg.edf → sz=0, non=500
2025-04-18 16:03:11,455 - INFO - sub-005_ses-01_task-szMonitoring_run-21_ecg.edf → sz=0, non=465
2025-04-18 16:03:51,240 - INFO - sub-005_ses-01_task-szMonitoring_run-24_ecg.edf → sz=0, non=500
2025-04-18 16:04:15,170 - INFO - sub-005_ses-01_task-szMonitoring_run-02_ecg.edf → sz=0, non=304
2025-04-18 16:04:57,070 - INFO - sub-005_ses-01_task-szMonitoring_run-12_ecg.edf → sz=0, non=500
2025-04-18 16:05:29,836 - INFO - sub-005_ses-01_task-szMonitoring_run-13_ecg.edf → sz=0, non=389
2025-04-18 16:06:17,314 - INFO - sub-005_ses-01_task-szMonitoring_run-03_ecg.edf → sz=0, non=500
2025-04-18 16:06:27,209 - INFO - sub-005_ses-01_task-szMonitoring_run-25_ecg.edf → sz=0, non=126
2025-04-18 16:07:14,469 - INFO - sub-005_ses-01_task-szMonitoring_run-01_ecg.edf → sz=0, non=500
2025-04-18 16:07:57,431 - INFO - sub-005_ses-01_task-szMonitoring_run-11_ecg.edf → sz=0, non=500
2025-04-18 16:08:40,810 - INFO - sub-005_ses-01_task-szMonitoring_run-18_ecg.edf → sz=0, non=500
2025-04-18 16:09:22,140 - INFO - sub-005_ses-01_task-szMonitoring_run-08_ecg.edf → sz=0, non=500
2025-04-18 16:10:01,893 - INFO - sub-005_ses-01_task-szMonitoring_run-09_ecg.edf → sz=0, non=500
2025-04-18 16:10:44,782 - INFO - sub-005_ses-01_task-szMonitoring_run-19_ecg.edf → sz=0, non=500
2025-04-18 16:11:23,305 - INFO - sub-005_ses-01_task-szMonitoring_run-26_ecg.edf → sz=0, non=500
2025-04-18 16:12:04,438 - INFO - sub-005_ses-01_task-szMonitoring_run-10_ecg.edf → sz=0, non=500
2025-04-18 16:12:07,909 - WARNING - nk.ecg_process failed: cannot convert float NaN to integer
2025-04-18 16:12:08,938 - WARNING - nk.ecg_process failed: cannot convert float NaN to integer
2025-04-18 16:12:50,821 - INFO - sub-004_ses-01_task-szMonitoring_run-01_ecg.edf → sz=4, non=500
2025-04-18 16:13:34,918 - INFO - sub-003_ses-01_task-szMonitoring_run-06_ecg.edf → sz=1, non=500
2025-04-18 16:14:16,852 - INFO - sub-003_ses-01_task-szMonitoring_run-07_ecg.edf → sz=0, non=500
2025-04-18 16:14:58,234 - INFO - sub-003_ses-01_task-szMonitoring_run-05_ecg.edf → sz=0, non=500
2025-04-18 16:15:41,258 - INFO - sub-003_ses-01_task-szMonitoring_run-04_ecg.edf → sz=0, non=500
2025-04-18 16:16:28,385 - INFO - sub-003_ses-01_task-szMonitoring_run-01_ecg.edf → sz=0, non=500
2025-04-18 16:17:13,548 - INFO - sub-003_ses-01_task-szMonitoring_run-08_ecg.edf → sz=0, non=500
2025-04-18 16:17:30,286 - WARNING - nk.ecg_process failed: cannot convert float NaN to integer
2025-04-18 16:17:58,785 - INFO - sub-003_ses-01_task-szMonitoring_run-09_ecg.edf → sz=0, non=500
2025-04-18 16:18:27,293 - WARNING - nk.ecg_process failed: cannot convert float NaN to integer
2025-04-18 16:18:44,017 - INFO - sub-003_ses-01_task-szMonitoring_run-10_ecg.edf → sz=0, non=500
2025-04-18 16:19:25,095 - INFO - sub-003_ses-01_task-szMonitoring_run-02_ecg.edf → sz=0, non=500
2025-04-18 16:20:06,306 - INFO - sub-003_ses-01_task-szMonitoring_run-03_ecg.edf → sz=0, non=500
2025-04-18 16:20:44,017 - INFO - sub-006_ses-01_task-szMonitoring_run-04_ecg.edf → sz=0, non=500
2025-04-18 16:21:20,812 - INFO - sub-006_ses-01_task-szMonitoring_run-05_ecg.edf → sz=0, non=500
2025-04-18 16:21:58,777 - INFO - sub-006_ses-01_task-szMonitoring_run-07_ecg.edf → sz=0, non=500
2025-04-18 16:22:36,272 - INFO - sub-006_ses-01_task-szMonitoring_run-06_ecg.edf → sz=0, non=500
2025-04-18 16:23:12,838 - INFO - sub-006_ses-01_task-szMonitoring_run-03_ecg.edf → sz=0, non=500
2025-04-18 16:23:51,300 - INFO - sub-006_ses-01_task-szMonitoring_run-02_ecg.edf → sz=0, non=500
2025-04-18 16:24:29,169 - INFO - sub-006_ses-01_task-szMonitoring_run-09_ecg.edf → sz=0, non=500
2025-04-18 16:24:31,035 - WARNING - nk.ecg_process failed: cannot convert float NaN to integer
2025-04-18 16:25:05,302 - INFO - sub-006_ses-01_task-szMonitoring_run-10_ecg.edf → sz=0, non=500
2025-04-18 16:25:06,576 - WARNING - nk.ecg_process failed: cannot convert float NaN to integer
2025-04-18 16:25:06,582 - WARNING - nk.ecg_process failed: cannot convert float NaN to integer
2025-04-18 16:25:06,851 - WARNING - nk.ecg_process failed: cannot convert float NaN to integer
2025-04-18 16:25:06,857 - WARNING - nk.ecg_process failed: cannot convert float NaN to integer
2025-04-18 16:25:06,953 - WARNING - nk.ecg_process failed: cannot convert float NaN to integer
2025-04-18 16:25:07,214 - WARNING - nk.ecg_process failed: cannot convert float NaN to integer
2025-04-18 16:25:07,482 - WARNING - nk.ecg_process failed: cannot convert float NaN to integer
2025-04-18 16:25:08,012 - WARNING - nk.ecg_process failed: cannot convert float NaN to integer
2025-04-18 16:25:08,981 - WARNING - nk.ecg_process failed: cannot convert float NaN to integer
2025-04-18 16:25:09,072 - WARNING - nk.ecg_process failed: cannot convert float NaN to integer
2025-04-18 16:25:09,174 - WARNING - nk.ecg_process failed: cannot convert float NaN to integer
2025-04-18 16:25:09,180 - WARNING - nk.ecg_process failed: cannot convert float NaN to integer
2025-04-18 16:25:09,185 - WARNING - nk.ecg_process failed: cannot convert float NaN to integer
2025-04-18 16:25:09,192 - WARNING - nk.ecg_process failed: cannot convert float NaN to integer
2025-04-18 16:25:09,198 - WARNING - nk.ecg_process failed: cannot convert float NaN to integer
2025-04-18 16:25:09,776 - WARNING - nk.ecg_process failed: cannot convert float NaN to integer
2025-04-18 16:25:09,786 - WARNING - nk.ecg_process failed: cannot convert float NaN to integer
2025-04-18 16:25:09,801 - WARNING - nk.ecg_process failed: cannot convert float NaN to integer
2025-04-18 16:25:11,153 - WARNING - nk.ecg_process failed: cannot convert float NaN to integer
2025-04-18 16:25:11,238 - WARNING - nk.ecg_process failed: cannot convert float NaN to integer
2025-04-18 16:25:11,243 - WARNING - nk.ecg_process failed: cannot convert float NaN to integer
2025-04-18 16:25:11,249 - WARNING - nk.ecg_process failed: cannot convert float NaN to integer
2025-04-18 16:25:11,255 - WARNING - nk.ecg_process failed: cannot convert float NaN to integer
2025-04-18 16:25:11,351 - WARNING - nk.ecg_process failed: cannot convert float NaN to integer
2025-04-18 16:25:11,447 - WARNING - nk.ecg_process failed: cannot convert float NaN to integer
2025-04-18 16:25:42,529 - INFO - sub-006_ses-01_task-szMonitoring_run-01_ecg.edf → sz=1, non=500
2025-04-18 16:26:17,888 - INFO - sub-006_ses-01_task-szMonitoring_run-08_ecg.edf → sz=0, non=500
2025-04-18 16:26:56,956 - INFO - sub-001_ses-01_task-szMonitoring_run-07_ecg.edf → sz=1, non=500
2025-04-18 16:27:34,530 - INFO - sub-001_ses-01_task-szMonitoring_run-06_ecg.edf → sz=0, non=500
2025-04-18 16:28:13,409 - INFO - sub-001_ses-01_task-szMonitoring_run-04_ecg.edf → sz=0, non=500
2025-04-18 16:28:51,820 - INFO - sub-001_ses-01_task-szMonitoring_run-05_ecg.edf → sz=1, non=500
2025-04-18 16:29:33,086 - INFO - sub-001_ses-01_task-szMonitoring_run-09_ecg.edf → sz=0, non=500
2025-04-18 16:30:12,156 - INFO - sub-001_ses-01_task-szMonitoring_run-08_ecg.edf → sz=1, non=500
2025-04-18 16:30:56,280 - INFO - sub-001_ses-01_task-szMonitoring_run-01_ecg.edf → sz=0, non=500
2025-04-18 16:31:37,688 - INFO - sub-001_ses-01_task-szMonitoring_run-03_ecg.edf → sz=1, non=500
2025-04-18 16:32:18,900 - INFO - sub-001_ses-01_task-szMonitoring_run-02_ecg.edf → sz=0, non=500
2025-04-18 16:33:07,206 - INFO - sub-008_ses-01_task-szMonitoring_run-04_ecg.edf → sz=0, non=500
2025-04-18 16:33:50,698 - INFO - sub-008_ses-01_task-szMonitoring_run-05_ecg.edf → sz=0, non=500
2025-04-18 16:34:27,858 - INFO - sub-008_ses-01_task-szMonitoring_run-07_ecg.edf → sz=0, non=500
2025-04-18 16:35:10,822 - INFO - sub-008_ses-01_task-szMonitoring_run-06_ecg.edf → sz=0, non=500
2025-04-18 16:36:05,179 - INFO - sub-008_ses-01_task-szMonitoring_run-03_ecg.edf → sz=0, non=500
2025-04-18 16:36:47,679 - INFO - sub-008_ses-01_task-szMonitoring_run-02_ecg.edf → sz=0, non=500
2025-04-18 16:37:23,592 - INFO - sub-008_ses-01_task-szMonitoring_run-09_ecg.edf → sz=1, non=424
2025-04-18 16:37:47,602 - WARNING - nk.ecg_process failed: cannot convert float NaN to integer
2025-04-18 16:37:48,514 - WARNING - nk.ecg_process failed: cannot convert float NaN to integer
2025-04-18 16:37:49,692 - INFO - sub-008_ses-01_task-szMonitoring_run-10_ecg.edf → sz=0, non=320
2025-04-18 16:38:34,013 - INFO - sub-008_ses-01_task-szMonitoring_run-11_ecg.edf → sz=0, non=500
2025-04-18 16:39:17,577 - INFO - sub-008_ses-01_task-szMonitoring_run-01_ecg.edf → sz=1, non=500
2025-04-18 16:40:04,131 - INFO - sub-008_ses-01_task-szMonitoring_run-08_ecg.edf → sz=0, non=500
2025-04-18 16:40:45,035 - INFO - sub-007_ses-01_task-szMonitoring_run-04_ecg.edf → sz=0, non=500
2025-04-18 16:41:26,752 - INFO - sub-007_ses-01_task-szMonitoring_run-05_ecg.edf → sz=0, non=500
2025-04-18 16:42:09,414 - INFO - sub-007_ses-01_task-szMonitoring_run-03_ecg.edf → sz=2, non=500
2025-04-18 16:42:52,083 - INFO - sub-007_ses-01_task-szMonitoring_run-02_ecg.edf → sz=0, non=500
2025-04-18 16:43:34,152 - INFO - sub-007_ses-01_task-szMonitoring_run-01_ecg.edf → sz=0, non=500
2025-04-18 16:43:34,167 - INFO - Wrote 31 rows → preictal_ecg-features.csv
2025-04-18 16:43:34,169 - INFO - Wrote 31 rows → ictal_ecg-features.csv
2025-04-18 16:43:34,171 - INFO - Wrote 31 rows → onset_ecg-features.csv
2025-04-18 16:43:34,644 - INFO - Wrote 39737 rows → non_seizure_ecg-features.csv
2025-04-18 16:43:34,663 - INFO - Fallback kept 20/31 epochs
2025-04-18 16:43:34,671 - INFO - Saved preictal_ecg-clean-epo.fif → 20 epochs
2025-04-18 16:43:34,687 - INFO - Fallback kept 20/31 epochs
2025-04-18 16:43:34,689 - INFO - Saved ictal_ecg-clean-epo.fif → 20 epochs
2025-04-18 16:43:34,702 - INFO - Fallback kept 20/31 epochs
2025-04-18 16:43:34,705 - INFO - Saved onset_ecg-clean-epo.fif → 20 epochs
2025-04-18 16:43:38,560 - INFO - Fallback kept 243/310 epochs
2025-04-18 16:43:38,597 - INFO - Saved non_seizure_ecg-clean-epo.fif → 243 epochs
2025-04-18 16:43:38,598 - INFO - ==== ECG preprocessing complete ====
2025-05-09 18:14:55,253 - INFO - ==== ECG preprocessing started ====
2025-05-09 18:14:55,264 - INFO - ==== ECG preprocessing complete ====
2025-05-09 18:15:18,237 - INFO - ==== ECG preprocessing started ====
2025-05-09 18:15:25,036 - WARNING - nk.ecg_process failed: cannot convert float NaN to integer
2025-05-09 18:15:25,040 - WARNING - nk.ecg_process failed: cannot convert float NaN to integer
2025-05-09 18:15:25,046 - WARNING - nk.ecg_process failed: integer division or modulo by zero
2025-05-09 18:15:25,051 - WARNING - nk.ecg_process failed: integer division or modulo by zero
2025-05-09 18:15:46,077 - INFO - sub-021_ses-01_task-szMonitoring_run-03_ecg.edf → sz=0, non=500
2025-05-09 18:16:14,464 - INFO - sub-021_ses-01_task-szMonitoring_run-02_ecg.edf → sz=0, non=500
2025-05-09 18:16:42,831 - INFO - sub-021_ses-01_task-szMonitoring_run-09_ecg.edf → sz=0, non=500
2025-05-09 18:17:10,474 - INFO - sub-021_ses-01_task-szMonitoring_run-01_ecg.edf → sz=1, non=500
2025-05-09 18:17:11,917 - WARNING - nk.ecg_process failed: cannot convert float NaN to integer
2025-05-09 18:17:12,037 - WARNING - nk.ecg_process failed: cannot convert float NaN to integer
2025-05-09 18:17:12,041 - WARNING - nk.ecg_process failed: cannot convert float NaN to integer
2025-05-09 18:17:36,619 - INFO - sub-021_ses-01_task-szMonitoring_run-08_ecg.edf → sz=0, non=500
2025-05-09 18:17:59,344 - WARNING - nk.ecg_process failed: cannot convert float NaN to integer
2025-05-09 18:17:59,349 - WARNING - nk.ecg_process failed: integer division or modulo by zero
2025-05-09 18:18:04,245 - INFO - sub-021_ses-01_task-szMonitoring_run-04_ecg.edf → sz=3, non=500
2025-05-09 18:18:31,563 - INFO - sub-021_ses-01_task-szMonitoring_run-05_ecg.edf → sz=0, non=500
2025-05-09 18:18:58,457 - INFO - sub-021_ses-01_task-szMonitoring_run-07_ecg.edf → sz=0, non=500
2025-05-09 18:19:24,091 - INFO - sub-021_ses-01_task-szMonitoring_run-06_ecg.edf → sz=0, non=500
2025-05-09 18:19:48,156 - INFO - sub-026_ses-01_task-szMonitoring_run-09_ecg.edf → sz=0, non=500
2025-05-09 18:19:49,922 - WARNING - nk.ecg_process failed: integer division or modulo by zero
2025-05-09 18:19:49,925 - WARNING - nk.ecg_process failed: integer division or modulo by zero
2025-05-09 18:20:12,009 - INFO - sub-026_ses-01_task-szMonitoring_run-08_ecg.edf → sz=0, non=500
2025-05-09 18:20:25,041 - INFO - sub-026_ses-01_task-szMonitoring_run-01_ecg.edf → sz=1, non=268
2025-05-09 18:20:52,584 - INFO - sub-026_ses-01_task-szMonitoring_run-03_ecg.edf → sz=1, non=500
2025-05-09 18:21:17,508 - INFO - sub-026_ses-01_task-szMonitoring_run-02_ecg.edf → sz=0, non=500
2025-05-09 18:21:42,171 - INFO - sub-026_ses-01_task-szMonitoring_run-07_ecg.edf → sz=0, non=500
2025-05-09 18:22:05,379 - INFO - sub-026_ses-01_task-szMonitoring_run-06_ecg.edf → sz=1, non=494
2025-05-09 18:22:33,084 - INFO - sub-026_ses-01_task-szMonitoring_run-04_ecg.edf → sz=1, non=500
2025-05-09 18:22:36,583 - WARNING - nk.ecg_process failed: cannot convert float NaN to integer
2025-05-09 18:22:36,587 - WARNING - nk.ecg_process failed: integer division or modulo by zero
2025-05-09 18:22:36,592 - WARNING - nk.ecg_process failed: integer division or modulo by zero
2025-05-09 18:22:36,596 - WARNING - nk.ecg_process failed: cannot convert float NaN to integer
2025-05-09 18:22:57,594 - INFO - sub-026_ses-01_task-szMonitoring_run-05_ecg.edf → sz=0, non=500
2025-05-09 18:23:00,392 - WARNING - nk.ecg_process failed: integer division or modulo by zero
2025-05-09 18:23:00,396 - WARNING - nk.ecg_process failed: integer division or modulo by zero
2025-05-09 18:23:00,400 - WARNING - nk.ecg_process failed: integer division or modulo by zero
2025-05-09 18:23:00,403 - WARNING - nk.ecg_process failed: integer division or modulo by zero
2025-05-09 18:23:00,407 - WARNING - nk.ecg_process failed: integer division or modulo by zero
2025-05-09 18:23:00,411 - WARNING - nk.ecg_process failed: integer division or modulo by zero
2025-05-09 18:23:00,416 - WARNING - nk.ecg_process failed: integer division or modulo by zero
2025-05-09 18:23:00,420 - WARNING - nk.ecg_process failed: cannot convert float NaN to integer
2025-05-09 18:23:00,424 - WARNING - nk.ecg_process failed: integer division or modulo by zero
2025-05-09 18:23:00,427 - WARNING - nk.ecg_process failed: integer division or modulo by zero
2025-05-09 18:23:00,431 - WARNING - nk.ecg_process failed: integer division or modulo by zero
2025-05-09 18:23:00,434 - WARNING - nk.ecg_process failed: integer division or modulo by zero
2025-05-09 18:23:00,438 - WARNING - nk.ecg_process failed: integer division or modulo by zero
2025-05-09 18:23:00,441 - WARNING - nk.ecg_process failed: integer division or modulo by zero
2025-05-09 18:23:00,445 - WARNING - nk.ecg_process failed: integer division or modulo by zero
2025-05-09 18:23:00,448 - WARNING - nk.ecg_process failed: integer division or modulo by zero
2025-05-09 18:23:00,452 - WARNING - nk.ecg_process failed: integer division or modulo by zero
2025-05-09 18:23:00,455 - WARNING - nk.ecg_process failed: integer division or modulo by zero
2025-05-09 18:23:00,458 - WARNING - nk.ecg_process failed: integer division or modulo by zero
2025-05-09 18:23:00,462 - WARNING - nk.ecg_process failed: integer division or modulo by zero
2025-05-09 18:23:00,465 - WARNING - nk.ecg_process failed: integer division or modulo by zero
2025-05-09 18:23:00,468 - WARNING - nk.ecg_process failed: integer division or modulo by zero
2025-05-09 18:23:00,472 - WARNING - nk.ecg_process failed: cannot convert float NaN to integer
2025-05-09 18:23:00,475 - WARNING - nk.ecg_process failed: integer division or modulo by zero
2025-05-09 18:23:00,479 - WARNING - nk.ecg_process failed: integer division or modulo by zero
2025-05-09 18:23:00,482 - WARNING - nk.ecg_process failed: integer division or modulo by zero
2025-05-09 18:23:00,486 - WARNING - nk.ecg_process failed: integer division or modulo by zero
2025-05-09 18:23:00,489 - WARNING - nk.ecg_process failed: integer division or modulo by zero
2025-05-09 18:23:00,492 - WARNING - nk.ecg_process failed: integer division or modulo by zero
2025-05-09 18:23:00,497 - WARNING - nk.ecg_process failed: integer division or modulo by zero
2025-05-09 18:23:00,501 - WARNING - nk.ecg_process failed: integer division or modulo by zero
2025-05-09 18:23:00,504 - WARNING - nk.ecg_process failed: integer division or modulo by zero
2025-05-09 18:23:00,508 - WARNING - nk.ecg_process failed: integer division or modulo by zero
2025-05-09 18:23:00,511 - WARNING - nk.ecg_process failed: integer division or modulo by zero
2025-05-09 18:23:00,514 - WARNING - nk.ecg_process failed: integer division or modulo by zero
2025-05-09 18:23:00,517 - WARNING - nk.ecg_process failed: integer division or modulo by zero
2025-05-09 18:23:00,521 - WARNING - nk.ecg_process failed: integer division or modulo by zero
2025-05-09 18:23:00,524 - WARNING - nk.ecg_process failed: integer division or modulo by zero
2025-05-09 18:23:00,527 - WARNING - nk.ecg_process failed: integer division or modulo by zero
2025-05-09 18:23:00,531 - WARNING - nk.ecg_process failed: integer division or modulo by zero
2025-05-09 18:23:00,534 - WARNING - nk.ecg_process failed: integer division or modulo by zero
2025-05-09 18:23:00,537 - WARNING - nk.ecg_process failed: integer division or modulo by zero
2025-05-09 18:23:22,555 - INFO - sub-019_ses-01_task-szMonitoring_run-02_ecg.edf → sz=0, non=500
2025-05-09 18:23:50,033 - INFO - sub-019_ses-01_task-szMonitoring_run-03_ecg.edf → sz=0, non=500
2025-05-09 18:24:17,887 - INFO - sub-019_ses-01_task-szMonitoring_run-01_ecg.edf → sz=0, non=500
2025-05-09 18:24:44,471 - INFO - sub-019_ses-01_task-szMonitoring_run-08_ecg.edf → sz=0, non=500
2025-05-09 18:25:10,750 - INFO - sub-019_ses-01_task-szMonitoring_run-09_ecg.edf → sz=0, non=500
2025-05-09 18:25:37,889 - INFO - sub-019_ses-01_task-szMonitoring_run-05_ecg.edf → sz=0, non=500
2025-05-09 18:25:43,140 - WARNING - nk.ecg_process failed: integer division or modulo by zero
2025-05-09 18:25:43,143 - WARNING - nk.ecg_process failed: integer division or modulo by zero
2025-05-09 18:25:43,147 - WARNING - nk.ecg_process failed: integer division or modulo by zero
2025-05-09 18:25:43,150 - WARNING - nk.ecg_process failed: integer division or modulo by zero
2025-05-09 18:25:43,154 - WARNING - nk.ecg_process failed: integer division or modulo by zero
2025-05-09 18:25:43,157 - WARNING - nk.ecg_process failed: integer division or modulo by zero
2025-05-09 18:25:43,162 - WARNING - nk.ecg_process failed: integer division or modulo by zero
2025-05-09 18:25:43,166 - WARNING - nk.ecg_process failed: integer division or modulo by zero
2025-05-09 18:25:43,170 - WARNING - nk.ecg_process failed: cannot convert float NaN to integer
2025-05-09 18:25:43,174 - WARNING - nk.ecg_process failed: integer division or modulo by zero
2025-05-09 18:25:43,178 - WARNING - nk.ecg_process failed: cannot convert float NaN to integer
2025-05-09 18:25:43,181 - WARNING - nk.ecg_process failed: integer division or modulo by zero
2025-05-09 18:25:43,185 - WARNING - nk.ecg_process failed: integer division or modulo by zero
2025-05-09 18:25:43,188 - WARNING - nk.ecg_process failed: integer division or modulo by zero
2025-05-09 18:26:04,256 - INFO - sub-019_ses-01_task-szMonitoring_run-04_ecg.edf → sz=0, non=500
2025-05-09 18:26:29,672 - INFO - sub-019_ses-01_task-szMonitoring_run-06_ecg.edf → sz=0, non=500
2025-05-09 18:26:55,612 - INFO - sub-019_ses-01_task-szMonitoring_run-07_ecg.edf → sz=1, non=500
2025-05-09 18:27:19,803 - INFO - sub-010_ses-01_task-szMonitoring_run-08_ecg.edf → sz=1, non=500
2025-05-09 18:27:42,994 - INFO - sub-010_ses-01_task-szMonitoring_run-01_ecg.edf → sz=0, non=500
2025-05-09 18:28:07,507 - INFO - sub-010_ses-01_task-szMonitoring_run-11_ecg.edf → sz=0, non=500
2025-05-09 18:28:30,599 - INFO - sub-010_ses-01_task-szMonitoring_run-10_ecg.edf → sz=0, non=500
2025-05-09 18:28:55,186 - INFO - sub-010_ses-01_task-szMonitoring_run-09_ecg.edf → sz=0, non=500
2025-05-09 18:29:19,511 - INFO - sub-010_ses-01_task-szMonitoring_run-02_ecg.edf → sz=0, non=500
2025-05-09 18:29:42,822 - INFO - sub-010_ses-01_task-szMonitoring_run-03_ecg.edf → sz=0, non=500
2025-05-09 18:30:08,533 - INFO - sub-010_ses-01_task-szMonitoring_run-06_ecg.edf → sz=0, non=500
2025-05-09 18:30:32,323 - INFO - sub-010_ses-01_task-szMonitoring_run-07_ecg.edf → sz=0, non=500
2025-05-09 18:30:54,228 - INFO - sub-010_ses-01_task-szMonitoring_run-05_ecg.edf → sz=0, non=500
2025-05-09 18:31:18,776 - INFO - sub-010_ses-01_task-szMonitoring_run-04_ecg.edf → sz=0, non=500
2025-05-09 18:31:45,623 - INFO - sub-017_ses-01_task-szMonitoring_run-02_ecg.edf → sz=0, non=500
2025-05-09 18:32:12,253 - INFO - sub-017_ses-01_task-szMonitoring_run-03_ecg.edf → sz=0, non=500
2025-05-09 18:32:39,418 - INFO - sub-017_ses-01_task-szMonitoring_run-01_ecg.edf → sz=1, non=500
2025-05-09 18:33:08,260 - INFO - sub-017_ses-01_task-szMonitoring_run-08_ecg.edf → sz=0, non=500
2025-05-09 18:33:11,595 - WARNING - nk.ecg_process failed: cannot convert float NaN to integer
2025-05-09 18:33:11,598 - WARNING - nk.ecg_process failed: cannot convert float NaN to integer
2025-05-09 18:33:11,959 - WARNING - nk.ecg_process failed: cannot convert float NaN to integer
2025-05-09 18:33:12,070 - WARNING - nk.ecg_process failed: cannot convert float NaN to integer
2025-05-09 18:33:12,193 - WARNING - nk.ecg_process failed: cannot convert float NaN to integer
2025-05-09 18:33:12,196 - WARNING - nk.ecg_process failed: cannot convert float NaN to integer
2025-05-09 18:33:12,615 - WARNING - nk.ecg_process failed: cannot convert float NaN to integer
2025-05-09 18:33:12,676 - WARNING - nk.ecg_process failed: cannot convert float NaN to integer
2025-05-09 18:33:12,835 - WARNING - nk.ecg_process failed: cannot convert float NaN to integer
2025-05-09 18:33:13,043 - WARNING - nk.ecg_process failed: cannot convert float NaN to integer
2025-05-09 18:33:13,212 - WARNING - nk.ecg_process failed: cannot convert float NaN to integer
2025-05-09 18:33:13,216 - WARNING - nk.ecg_process failed: cannot convert float NaN to integer
2025-05-09 18:33:13,273 - WARNING - nk.ecg_process failed: cannot convert float NaN to integer
2025-05-09 18:33:13,328 - WARNING - nk.ecg_process failed: cannot convert float NaN to integer
2025-05-09 18:33:13,546 - WARNING - nk.ecg_process failed: cannot convert float NaN to integer
2025-05-09 18:33:13,840 - WARNING - nk.ecg_process failed: cannot convert float NaN to integer
2025-05-09 18:33:24,572 - INFO - sub-017_ses-01_task-szMonitoring_run-09_ecg.edf → sz=0, non=340
2025-05-09 18:33:51,086 - INFO - sub-017_ses-01_task-szMonitoring_run-10_ecg.edf → sz=0, non=500
2025-05-09 18:34:17,204 - INFO - sub-017_ses-01_task-szMonitoring_run-05_ecg.edf → sz=0, non=500
2025-05-09 18:34:44,960 - INFO - sub-017_ses-01_task-szMonitoring_run-04_ecg.edf → sz=0, non=500
2025-05-09 18:34:46,635 - WARNING - nk.ecg_process failed: cannot convert float NaN to integer
2025-05-09 18:34:46,752 - WARNING - nk.ecg_process failed: cannot convert float NaN to integer
2025-05-09 18:34:46,914 - WARNING - nk.ecg_process failed: cannot convert float NaN to integer
2025-05-09 18:35:11,283 - INFO - sub-017_ses-01_task-szMonitoring_run-06_ecg.edf → sz=0, non=500
2025-05-09 18:35:18,721 - WARNING - nk.ecg_process failed: cannot convert float NaN to integer
2025-05-09 18:35:19,029 - WARNING - nk.ecg_process failed: cannot convert float NaN to integer
2025-05-09 18:35:19,084 - WARNING - nk.ecg_process failed: cannot convert float NaN to integer
2025-05-09 18:35:19,618 - WARNING - nk.ecg_process failed: cannot convert float NaN to integer
2025-05-09 18:35:19,671 - WARNING - nk.ecg_process failed: cannot convert float NaN to integer
2025-05-09 18:35:19,671 - INFO - sub-017_ses-01_task-szMonitoring_run-07_ecg.edf → sz=0, non=162
2025-05-09 18:35:21,251 - WARNING - nk.ecg_process failed: cannot convert float NaN to integer
2025-05-09 18:35:21,309 - WARNING - nk.ecg_process failed: cannot convert float NaN to integer
2025-05-09 18:35:21,471 - WARNING - nk.ecg_process failed: cannot convert float NaN to integer
2025-05-09 18:35:45,183 - INFO - sub-028_ses-01_task-szMonitoring_run-08_ecg.edf → sz=0, non=500
2025-05-09 18:35:45,452 - WARNING - nk.ecg_process failed: cannot convert float NaN to integer
2025-05-09 18:36:12,301 - INFO - sub-028_ses-01_task-szMonitoring_run-01_ecg.edf → sz=1, non=500
2025-05-09 18:36:40,003 - INFO - sub-028_ses-01_task-szMonitoring_run-03_ecg.edf → sz=0, non=500
2025-05-09 18:37:09,487 - INFO - sub-028_ses-01_task-szMonitoring_run-02_ecg.edf → sz=0, non=500
2025-05-09 18:37:35,718 - INFO - sub-028_ses-01_task-szMonitoring_run-07_ecg.edf → sz=0, non=500
2025-05-09 18:38:01,510 - INFO - sub-028_ses-01_task-szMonitoring_run-06_ecg.edf → sz=0, non=500
2025-05-09 18:38:28,264 - INFO - sub-028_ses-01_task-szMonitoring_run-04_ecg.edf → sz=2, non=500
2025-05-09 18:38:53,715 - INFO - sub-028_ses-01_task-szMonitoring_run-05_ecg.edf → sz=1, non=500
2025-05-09 18:39:09,555 - INFO - sub-088_ses-01_task-szMonitoring_run-33_ecg.edf → sz=0, non=356
2025-05-09 18:39:26,257 - INFO - sub-088_ses-01_task-szMonitoring_run-23_ecg.edf → sz=0, non=384
2025-05-09 18:39:42,466 - INFO - sub-088_ses-01_task-szMonitoring_run-51_ecg.edf → sz=0, non=356
2025-05-09 18:39:59,108 - WARNING - nk.ecg_process failed: cannot convert float NaN to integer
2025-05-09 18:39:59,160 - INFO - sub-088_ses-01_task-szMonitoring_run-41_ecg.edf → sz=0, non=355
2025-05-09 18:40:16,527 - INFO - sub-088_ses-01_task-szMonitoring_run-15_ecg.edf → sz=0, non=351
2025-05-09 18:40:36,784 - INFO - sub-088_ses-01_task-szMonitoring_run-05_ecg.edf → sz=0, non=356
2025-05-09 18:40:55,451 - INFO - sub-088_ses-01_task-szMonitoring_run-48_ecg.edf → sz=0, non=352
2025-05-09 18:41:13,790 - INFO - sub-088_ses-01_task-szMonitoring_run-58_ecg.edf → sz=0, non=353
2025-05-09 18:41:34,108 - INFO - sub-088_ses-01_task-szMonitoring_run-04_ecg.edf → sz=0, non=351
2025-05-09 18:41:54,177 - INFO - sub-088_ses-01_task-szMonitoring_run-14_ecg.edf → sz=0, non=353
2025-05-09 18:42:12,636 - INFO - sub-088_ses-01_task-szMonitoring_run-59_ecg.edf → sz=0, non=355
2025-05-09 18:42:32,239 - INFO - sub-088_ses-01_task-szMonitoring_run-49_ecg.edf → sz=0, non=351
2025-05-09 18:42:49,283 - INFO - sub-088_ses-01_task-szMonitoring_run-22_ecg.edf → sz=0, non=352
2025-05-09 18:43:06,134 - INFO - sub-088_ses-01_task-szMonitoring_run-32_ecg.edf → sz=0, non=356
2025-05-09 18:43:23,273 - INFO - sub-088_ses-01_task-szMonitoring_run-40_ecg.edf → sz=0, non=354
2025-05-09 18:43:41,219 - INFO - sub-088_ses-01_task-szMonitoring_run-50_ecg.edf → sz=0, non=366
2025-05-09 18:43:59,842 - INFO - sub-088_ses-01_task-szMonitoring_run-16_ecg.edf → sz=0, non=356
2025-05-09 18:44:15,706 - INFO - sub-088_ses-01_task-szMonitoring_run-06_ecg.edf → sz=0, non=352
2025-05-09 18:44:32,002 - INFO - sub-088_ses-01_task-szMonitoring_run-64_ecg.edf → sz=0, non=355
2025-05-09 18:44:47,671 - INFO - sub-088_ses-01_task-szMonitoring_run-29_ecg.edf → sz=0, non=351
2025-05-09 18:45:02,734 - INFO - sub-088_ses-01_task-szMonitoring_run-39_ecg.edf → sz=0, non=352
2025-05-09 18:45:17,762 - INFO - sub-088_ses-01_task-szMonitoring_run-52_ecg.edf → sz=0, non=355
2025-05-09 18:45:30,371 - WARNING - nk.ecg_process failed: cannot convert float NaN to integer
2025-05-09 18:45:30,375 - WARNING - nk.ecg_process failed: integer division or modulo by zero
2025-05-09 18:45:30,379 - WARNING - nk.ecg_process failed: integer division or modulo by zero
2025-05-09 18:45:30,382 - WARNING - nk.ecg_process failed: integer division or modulo by zero
2025-05-09 18:45:30,385 - WARNING - nk.ecg_process failed: integer division or modulo by zero
2025-05-09 18:45:30,388 - WARNING - nk.ecg_process failed: integer division or modulo by zero
2025-05-09 18:45:30,390 - WARNING - nk.ecg_process failed: integer division or modulo by zero
2025-05-09 18:45:30,394 - WARNING - nk.ecg_process failed: integer division or modulo by zero
2025-05-09 18:45:30,397 - WARNING - nk.ecg_process failed: integer division or modulo by zero
2025-05-09 18:45:30,400 - WARNING - nk.ecg_process failed: integer division or modulo by zero
2025-05-09 18:45:30,403 - WARNING - nk.ecg_process failed: integer division or modulo by zero
2025-05-09 18:45:30,406 - WARNING - nk.ecg_process failed: integer division or modulo by zero
2025-05-09 18:45:30,409 - WARNING - nk.ecg_process failed: cannot convert float NaN to integer
2025-05-09 18:45:30,412 - WARNING - nk.ecg_process failed: integer division or modulo by zero
2025-05-09 18:45:30,415 - WARNING - nk.ecg_process failed: cannot convert float NaN to integer
2025-05-09 18:45:30,418 - WARNING - nk.ecg_process failed: integer division or modulo by zero
2025-05-09 18:45:30,421 - WARNING - nk.ecg_process failed: integer division or modulo by zero
2025-05-09 18:45:30,424 - WARNING - nk.ecg_process failed: cannot convert float NaN to integer
2025-05-09 18:45:30,427 - WARNING - nk.ecg_process failed: integer division or modulo by zero
2025-05-09 18:45:30,430 - WARNING - nk.ecg_process failed: integer division or modulo by zero
2025-05-09 18:45:30,434 - WARNING - nk.ecg_process failed: integer division or modulo by zero
2025-05-09 18:45:30,434 - INFO - sub-088_ses-01_task-szMonitoring_run-42_ecg.edf → sz=0, non=299
2025-05-09 18:45:46,253 - INFO - sub-088_ses-01_task-szMonitoring_run-30_ecg.edf → sz=0, non=368
2025-05-09 18:46:01,502 - INFO - sub-088_ses-01_task-szMonitoring_run-20_ecg.edf → sz=0, non=351
2025-05-09 18:46:17,306 - INFO - sub-088_ses-01_task-szMonitoring_run-43_ecg.edf → sz=0, non=351
2025-05-09 18:46:32,919 - INFO - sub-088_ses-01_task-szMonitoring_run-53_ecg.edf → sz=0, non=351
2025-05-09 18:46:41,384 - INFO - sub-088_ses-01_task-szMonitoring_run-21_ecg.edf → sz=1, non=193
2025-05-09 18:46:55,924 - INFO - sub-088_ses-01_task-szMonitoring_run-31_ecg.edf → sz=0, non=353
2025-05-09 18:47:11,285 - INFO - sub-088_ses-01_task-szMonitoring_run-07_ecg.edf → sz=0, non=352
2025-05-09 18:47:35,815 - INFO - sub-088_ses-01_task-szMonitoring_run-17_ecg.edf → sz=0, non=500
2025-05-09 18:47:45,230 - INFO - sub-088_ses-01_task-szMonitoring_run-65_ecg.edf → sz=0, non=225
2025-05-09 18:47:59,752 - INFO - sub-088_ses-01_task-szMonitoring_run-38_ecg.edf → sz=0, non=353
2025-05-09 18:48:19,347 - INFO - sub-088_ses-01_task-szMonitoring_run-28_ecg.edf → sz=0, non=452
2025-05-09 18:48:35,897 - WARNING - nk.ecg_process failed: cannot convert float NaN to integer
2025-05-09 18:48:35,898 - INFO - sub-088_ses-01_task-szMonitoring_run-12_ecg.edf → sz=0, non=354
2025-05-09 18:48:51,494 - INFO - sub-088_ses-01_task-szMonitoring_run-02_ecg.edf → sz=0, non=356
2025-05-09 18:49:07,136 - INFO - sub-088_ses-01_task-szMonitoring_run-60_ecg.edf → sz=0, non=352
2025-05-09 18:49:21,539 - INFO - sub-088_ses-01_task-szMonitoring_run-56_ecg.edf → sz=0, non=355
2025-05-09 18:49:37,387 - INFO - sub-088_ses-01_task-szMonitoring_run-46_ecg.edf → sz=0, non=355
2025-05-09 18:49:52,688 - INFO - sub-088_ses-01_task-szMonitoring_run-34_ecg.edf → sz=0, non=352
2025-05-09 18:50:08,043 - INFO - sub-088_ses-01_task-szMonitoring_run-24_ecg.edf → sz=0, non=351
2025-05-09 18:50:23,188 - INFO - sub-088_ses-01_task-szMonitoring_run-47_ecg.edf → sz=0, non=351
2025-05-09 18:50:37,816 - INFO - sub-088_ses-01_task-szMonitoring_run-57_ecg.edf → sz=0, non=354
2025-05-09 18:50:52,770 - INFO - sub-088_ses-01_task-szMonitoring_run-25_ecg.edf → sz=0, non=352
2025-05-09 18:51:08,330 - INFO - sub-088_ses-01_task-szMonitoring_run-35_ecg.edf → sz=0, non=354
2025-05-09 18:51:24,014 - INFO - sub-088_ses-01_task-szMonitoring_run-03_ecg.edf → sz=0, non=353
2025-05-09 18:51:43,604 - INFO - sub-088_ses-01_task-szMonitoring_run-13_ecg.edf → sz=0, non=404
2025-05-09 18:51:58,966 - INFO - sub-088_ses-01_task-szMonitoring_run-61_ecg.edf → sz=0, non=351
2025-05-09 18:52:13,590 - INFO - sub-088_ses-01_task-szMonitoring_run-37_ecg.edf → sz=0, non=351
2025-05-09 18:52:29,200 - INFO - sub-088_ses-01_task-szMonitoring_run-27_ecg.edf → sz=0, non=352
2025-05-09 18:52:43,455 - INFO - sub-088_ses-01_task-szMonitoring_run-55_ecg.edf → sz=0, non=353
2025-05-09 18:52:59,338 - INFO - sub-088_ses-01_task-szMonitoring_run-45_ecg.edf → sz=0, non=356
2025-05-09 18:53:14,263 - INFO - sub-088_ses-01_task-szMonitoring_run-08_ecg.edf → sz=0, non=351
2025-05-09 18:53:22,463 - INFO - sub-088_ses-01_task-szMonitoring_run-18_ecg.edf → sz=0, non=169
2025-05-09 18:53:38,402 - INFO - sub-088_ses-01_task-szMonitoring_run-63_ecg.edf → sz=0, non=354
2025-05-09 18:53:54,101 - INFO - sub-088_ses-01_task-szMonitoring_run-11_ecg.edf → sz=0, non=356
2025-05-09 18:54:09,698 - INFO - sub-088_ses-01_task-szMonitoring_run-01_ecg.edf → sz=0, non=352
2025-05-09 18:54:24,656 - INFO - sub-088_ses-01_task-szMonitoring_run-62_ecg.edf → sz=0, non=351
2025-05-09 18:54:42,999 - INFO - sub-088_ses-01_task-szMonitoring_run-10_ecg.edf → sz=0, non=353
2025-05-09 18:55:01,465 - INFO - sub-088_ses-01_task-szMonitoring_run-26_ecg.edf → sz=0, non=355
2025-05-09 18:55:20,575 - INFO - sub-088_ses-01_task-szMonitoring_run-36_ecg.edf → sz=0, non=356
2025-05-09 18:55:40,534 - INFO - sub-088_ses-01_task-szMonitoring_run-44_ecg.edf → sz=0, non=353
2025-05-09 18:55:57,881 - INFO - sub-088_ses-01_task-szMonitoring_run-54_ecg.edf → sz=0, non=351
2025-05-09 18:56:15,066 - INFO - sub-088_ses-01_task-szMonitoring_run-19_ecg.edf → sz=0, non=354
2025-05-09 18:56:31,633 - INFO - sub-088_ses-01_task-szMonitoring_run-09_ecg.edf → sz=0, non=355
2025-05-09 18:57:03,209 - INFO - sub-043_ses-01_task-szMonitoring_run-06_ecg.edf → sz=1, non=500
2025-05-09 18:57:03,421 - WARNING - nk.ecg_process failed: cannot convert float NaN to integer
2025-05-09 18:57:03,483 - WARNING - nk.ecg_process failed: integer division or modulo by zero
2025-05-09 18:57:15,048 - WARNING - nk.ecg_process failed: integer division or modulo by zero
2025-05-09 18:57:15,163 - WARNING - nk.ecg_process failed: cannot convert float NaN to integer
2025-05-09 18:57:15,168 - WARNING - nk.ecg_process failed: cannot convert float NaN to integer
2025-05-09 18:57:15,172 - WARNING - nk.ecg_process failed: cannot convert float NaN to integer
2025-05-09 18:57:15,175 - WARNING - nk.ecg_process failed: cannot convert float NaN to integer
2025-05-09 18:57:15,232 - WARNING - nk.ecg_process failed: cannot convert float NaN to integer
2025-05-09 18:57:15,294 - WARNING - nk.ecg_process failed: cannot convert float NaN to integer
2025-05-09 18:57:15,298 - WARNING - nk.ecg_process failed: cannot convert float NaN to integer
2025-05-09 18:57:15,303 - WARNING - nk.ecg_process failed: cannot convert float NaN to integer
2025-05-09 18:57:15,355 - WARNING - nk.ecg_process failed: integer division or modulo by zero
2025-05-09 18:57:15,420 - WARNING - nk.ecg_process failed: cannot convert float NaN to integer
2025-05-09 18:57:15,423 - WARNING - nk.ecg_process failed: cannot convert float NaN to integer
2025-05-09 18:57:15,540 - WARNING - nk.ecg_process failed: integer division or modulo by zero
2025-05-09 18:57:15,605 - WARNING - nk.ecg_process failed: cannot convert float NaN to integer
2025-05-09 18:57:15,608 - WARNING - nk.ecg_process failed: integer division or modulo by zero
2025-05-09 18:57:15,761 - WARNING - nk.ecg_process failed: cannot convert float NaN to integer
2025-05-09 18:57:15,765 - WARNING - nk.ecg_process failed: cannot convert float NaN to integer
2025-05-09 18:57:15,769 - WARNING - nk.ecg_process failed: cannot convert float NaN to integer
2025-05-09 18:57:15,773 - WARNING - nk.ecg_process failed: cannot convert float NaN to integer
2025-05-09 18:57:15,831 - WARNING - nk.ecg_process failed: cannot convert float NaN to integer
2025-05-09 18:57:15,934 - WARNING - nk.ecg_process failed: cannot convert float NaN to integer
2025-05-09 18:57:15,939 - WARNING - nk.ecg_process failed: cannot convert float NaN to integer
2025-05-09 18:57:15,944 - WARNING - nk.ecg_process failed: cannot convert float NaN to integer
2025-05-09 18:57:15,998 - WARNING - nk.ecg_process failed: integer division or modulo by zero
2025-05-09 18:57:16,065 - WARNING - nk.ecg_process failed: cannot convert float NaN to integer
2025-05-09 18:57:16,070 - WARNING - nk.ecg_process failed: cannot convert float NaN to integer
2025-05-09 18:57:16,186 - WARNING - nk.ecg_process failed: integer division or modulo by zero
2025-05-09 18:57:16,256 - WARNING - nk.ecg_process failed: cannot convert float NaN to integer
2025-05-09 18:57:16,260 - WARNING - nk.ecg_process failed: integer division or modulo by zero
2025-05-09 18:57:16,441 - WARNING - nk.ecg_process failed: cannot convert float NaN to integer
2025-05-09 18:57:16,464 - WARNING - nk.ecg_process failed: cannot convert float NaN to integer
2025-05-09 18:57:16,604 - WARNING - nk.ecg_process failed: cannot convert float NaN to integer
2025-05-09 18:57:16,704 - WARNING - nk.ecg_process failed: cannot convert float NaN to integer
2025-05-09 18:57:16,774 - WARNING - nk.ecg_process failed: cannot convert float NaN to integer
2025-05-09 18:57:16,778 - WARNING - nk.ecg_process failed: cannot convert float NaN to integer
2025-05-09 18:57:16,945 - WARNING - nk.ecg_process failed: integer division or modulo by zero
2025-05-09 18:57:17,011 - WARNING - nk.ecg_process failed: cannot convert float NaN to integer
2025-05-09 18:57:17,015 - WARNING - nk.ecg_process failed: cannot convert float NaN to integer
2025-05-09 18:57:17,133 - WARNING - nk.ecg_process failed: integer division or modulo by zero
2025-05-09 18:57:17,197 - WARNING - nk.ecg_process failed: cannot convert float NaN to integer
2025-05-09 18:57:17,202 - WARNING - nk.ecg_process failed: integer division or modulo by zero
2025-05-09 18:57:17,382 - WARNING - nk.ecg_process failed: cannot convert float NaN to integer
2025-05-09 18:57:17,386 - WARNING - nk.ecg_process failed: cannot convert float NaN to integer
2025-05-09 18:57:17,390 - WARNING - nk.ecg_process failed: cannot convert float NaN to integer
2025-05-09 18:57:17,452 - WARNING - nk.ecg_process failed: integer division or modulo by zero
2025-05-09 18:57:17,519 - WARNING - nk.ecg_process failed: cannot convert float NaN to integer
2025-05-09 18:57:17,522 - WARNING - nk.ecg_process failed: cannot convert float NaN to integer
2025-05-09 18:57:17,631 - WARNING - nk.ecg_process failed: integer division or modulo by zero
2025-05-09 18:57:17,694 - WARNING - nk.ecg_process failed: cannot convert float NaN to integer
2025-05-09 18:57:17,698 - WARNING - nk.ecg_process failed: cannot convert float NaN to integer
2025-05-09 18:57:17,811 - WARNING - nk.ecg_process failed: cannot convert float NaN to integer
2025-05-09 18:57:17,877 - WARNING - nk.ecg_process failed: cannot convert float NaN to integer
2025-05-09 18:57:17,881 - WARNING - nk.ecg_process failed: integer division or modulo by zero
2025-05-09 18:57:18,049 - WARNING - nk.ecg_process failed: cannot convert float NaN to integer
2025-05-09 18:57:18,052 - WARNING - nk.ecg_process failed: cannot convert float NaN to integer
2025-05-09 18:57:18,056 - WARNING - nk.ecg_process failed: cannot convert float NaN to integer
2025-05-09 18:57:18,108 - WARNING - nk.ecg_process failed: integer division or modulo by zero
2025-05-09 18:57:18,170 - WARNING - nk.ecg_process failed: cannot convert float NaN to integer
2025-05-09 18:57:18,173 - WARNING - nk.ecg_process failed: cannot convert float NaN to integer
2025-05-09 18:57:18,287 - WARNING - nk.ecg_process failed: integer division or modulo by zero
2025-05-09 18:57:18,417 - WARNING - nk.ecg_process failed: cannot convert float NaN to integer
2025-05-09 18:57:18,420 - WARNING - nk.ecg_process failed: cannot convert float NaN to integer
2025-05-09 18:57:18,536 - WARNING - nk.ecg_process failed: cannot convert float NaN to integer
2025-05-09 18:57:18,597 - WARNING - nk.ecg_process failed: cannot convert float NaN to integer
2025-05-09 18:57:18,601 - WARNING - nk.ecg_process failed: cannot convert float NaN to integer
2025-05-09 18:57:18,660 - WARNING - nk.ecg_process failed: cannot convert float NaN to integer
2025-05-09 18:57:18,722 - WARNING - nk.ecg_process failed: cannot convert float NaN to integer
2025-05-09 18:57:18,726 - WARNING - nk.ecg_process failed: cannot convert float NaN to integer
2025-05-09 18:57:18,730 - WARNING - nk.ecg_process failed: cannot convert float NaN to integer
2025-05-09 18:57:18,781 - WARNING - nk.ecg_process failed: integer division or modulo by zero
2025-05-09 18:57:18,845 - WARNING - nk.ecg_process failed: cannot convert float NaN to integer
2025-05-09 18:57:18,849 - WARNING - nk.ecg_process failed: cannot convert float NaN to integer
2025-05-09 18:57:18,963 - WARNING - nk.ecg_process failed: integer division or modulo by zero
2025-05-09 18:57:19,025 - WARNING - nk.ecg_process failed: cannot convert float NaN to integer
2025-05-09 18:57:19,028 - WARNING - nk.ecg_process failed: integer division or modulo by zero
2025-05-09 18:57:19,138 - WARNING - nk.ecg_process failed: cannot convert float NaN to integer
2025-05-09 18:57:19,142 - WARNING - nk.ecg_process failed: cannot convert float NaN to integer
2025-05-09 18:57:19,145 - WARNING - nk.ecg_process failed: cannot convert float NaN to integer
2025-05-09 18:57:19,149 - WARNING - nk.ecg_process failed: cannot convert float NaN to integer
2025-05-09 18:57:19,211 - WARNING - nk.ecg_process failed: cannot convert float NaN to integer
2025-05-09 18:57:19,277 - WARNING - nk.ecg_process failed: cannot convert float NaN to integer
2025-05-09 18:57:19,281 - WARNING - nk.ecg_process failed: cannot convert float NaN to integer
2025-05-09 18:57:19,285 - WARNING - nk.ecg_process failed: cannot convert float NaN to integer
2025-05-09 18:57:19,338 - WARNING - nk.ecg_process failed: integer division or modulo by zero
2025-05-09 18:57:19,402 - WARNING - nk.ecg_process failed: cannot convert float NaN to integer
2025-05-09 18:57:19,406 - WARNING - nk.ecg_process failed: cannot convert float NaN to integer
2025-05-09 18:57:19,521 - WARNING - nk.ecg_process failed: integer division or modulo by zero
2025-05-09 18:57:19,583 - WARNING - nk.ecg_process failed: cannot convert float NaN to integer
2025-05-09 18:57:19,587 - WARNING - nk.ecg_process failed: integer division or modulo by zero
2025-05-09 18:57:19,765 - WARNING - nk.ecg_process failed: cannot convert float NaN to integer
2025-05-09 18:57:19,768 - WARNING - nk.ecg_process failed: cannot convert float NaN to integer
2025-05-09 18:57:19,772 - WARNING - nk.ecg_process failed: cannot convert float NaN to integer
2025-05-09 18:57:19,776 - WARNING - nk.ecg_process failed: cannot convert float NaN to integer
2025-05-09 18:57:19,832 - WARNING - nk.ecg_process failed: cannot convert float NaN to integer
2025-05-09 18:57:19,893 - WARNING - nk.ecg_process failed: cannot convert float NaN to integer
2025-05-09 18:57:19,897 - WARNING - nk.ecg_process failed: cannot convert float NaN to integer
2025-05-09 18:57:19,901 - WARNING - nk.ecg_process failed: cannot convert float NaN to integer
2025-05-09 18:57:19,954 - WARNING - nk.ecg_process failed: integer division or modulo by zero
2025-05-09 18:57:20,048 - WARNING - nk.ecg_process failed: cannot convert float NaN to integer
2025-05-09 18:57:20,054 - WARNING - nk.ecg_process failed: cannot convert float NaN to integer
2025-05-09 18:57:20,182 - WARNING - nk.ecg_process failed: cannot convert float NaN to integer
2025-05-09 18:57:20,247 - WARNING - nk.ecg_process failed: cannot convert float NaN to integer
2025-05-09 18:57:20,251 - WARNING - nk.ecg_process failed: integer division or modulo by zero
2025-05-09 18:57:20,421 - WARNING - nk.ecg_process failed: cannot convert float NaN to integer
2025-05-09 18:57:20,424 - WARNING - nk.ecg_process failed: cannot convert float NaN to integer
2025-05-09 18:57:20,428 - WARNING - nk.ecg_process failed: cannot convert float NaN to integer
2025-05-09 18:57:20,484 - WARNING - nk.ecg_process failed: cannot convert float NaN to integer
2025-05-09 18:57:20,675 - WARNING - nk.ecg_process failed: cannot convert float NaN to integer
2025-05-09 18:57:20,687 - WARNING - nk.ecg_process failed: cannot convert float NaN to integer
2025-05-09 18:57:20,694 - WARNING - nk.ecg_process failed: cannot convert float NaN to integer
2025-05-09 18:57:20,906 - WARNING - nk.ecg_process failed: integer division or modulo by zero
2025-05-09 18:57:21,009 - WARNING - nk.ecg_process failed: cannot convert float NaN to integer
2025-05-09 18:57:21,013 - WARNING - nk.ecg_process failed: cannot convert float NaN to integer
2025-05-09 18:57:21,196 - WARNING - nk.ecg_process failed: integer division or modulo by zero
2025-05-09 18:57:21,259 - WARNING - nk.ecg_process failed: cannot convert float NaN to integer
2025-05-09 18:57:21,263 - WARNING - nk.ecg_process failed: integer division or modulo by zero
2025-05-09 18:57:21,439 - WARNING - nk.ecg_process failed: cannot convert float NaN to integer
2025-05-09 18:57:21,443 - WARNING - nk.ecg_process failed: cannot convert float NaN to integer
2025-05-09 18:57:21,448 - WARNING - nk.ecg_process failed: cannot convert float NaN to integer
2025-05-09 18:57:21,501 - WARNING - nk.ecg_process failed: integer division or modulo by zero
2025-05-09 18:57:21,567 - WARNING - nk.ecg_process failed: cannot convert float NaN to integer
2025-05-09 18:57:21,570 - WARNING - nk.ecg_process failed: cannot convert float NaN to integer
2025-05-09 18:57:21,683 - WARNING - nk.ecg_process failed: integer division or modulo by zero
2025-05-09 18:57:21,752 - WARNING - nk.ecg_process failed: cannot convert float NaN to integer
2025-05-09 18:57:21,756 - WARNING - nk.ecg_process failed: cannot convert float NaN to integer
2025-05-09 18:57:21,877 - WARNING - nk.ecg_process failed: cannot convert float NaN to integer
2025-05-09 18:57:21,933 - WARNING - nk.ecg_process failed: cannot convert float NaN to integer
2025-05-09 18:57:21,936 - WARNING - nk.ecg_process failed: integer division or modulo by zero
2025-05-09 18:57:22,104 - WARNING - nk.ecg_process failed: cannot convert float NaN to integer
2025-05-09 18:57:22,108 - WARNING - nk.ecg_process failed: cannot convert float NaN to integer
2025-05-09 18:57:22,111 - WARNING - nk.ecg_process failed: cannot convert float NaN to integer
2025-05-09 18:57:22,167 - WARNING - nk.ecg_process failed: integer division or modulo by zero
2025-05-09 18:57:22,231 - WARNING - nk.ecg_process failed: cannot convert float NaN to integer
2025-05-09 18:57:22,235 - WARNING - nk.ecg_process failed: cannot convert float NaN to integer
2025-05-09 18:57:22,352 - WARNING - nk.ecg_process failed: integer division or modulo by zero
2025-05-09 18:57:22,421 - WARNING - nk.ecg_process failed: cannot convert float NaN to integer
2025-05-09 18:57:22,424 - WARNING - nk.ecg_process failed: cannot convert float NaN to integer
2025-05-09 18:57:22,542 - WARNING - nk.ecg_process failed: cannot convert float NaN to integer
2025-05-09 18:57:22,600 - WARNING - nk.ecg_process failed: cannot convert float NaN to integer
2025-05-09 18:57:22,604 - WARNING - nk.ecg_process failed: integer division or modulo by zero
2025-05-09 18:57:22,839 - WARNING - nk.ecg_process failed: cannot convert float NaN to integer
2025-05-09 18:57:22,844 - WARNING - nk.ecg_process failed: cannot convert float NaN to integer
2025-05-09 18:57:22,848 - WARNING - nk.ecg_process failed: cannot convert float NaN to integer
2025-05-09 18:57:22,901 - WARNING - nk.ecg_process failed: integer division or modulo by zero
2025-05-09 18:57:22,964 - WARNING - nk.ecg_process failed: cannot convert float NaN to integer
2025-05-09 18:57:22,968 - WARNING - nk.ecg_process failed: cannot convert float NaN to integer
2025-05-09 18:57:23,084 - WARNING - nk.ecg_process failed: cannot convert float NaN to integer
2025-05-09 18:57:23,194 - WARNING - nk.ecg_process failed: cannot convert float NaN to integer
2025-05-09 18:57:23,258 - WARNING - nk.ecg_process failed: cannot convert float NaN to integer
2025-05-09 18:57:23,261 - WARNING - nk.ecg_process failed: integer division or modulo by zero
2025-05-09 18:57:23,440 - WARNING - nk.ecg_process failed: cannot convert float NaN to integer
2025-05-09 18:57:23,443 - WARNING - nk.ecg_process failed: cannot convert float NaN to integer
2025-05-09 18:57:23,448 - WARNING - nk.ecg_process failed: cannot convert float NaN to integer
2025-05-09 18:57:23,508 - WARNING - nk.ecg_process failed: integer division or modulo by zero
2025-05-09 18:57:23,575 - WARNING - nk.ecg_process failed: cannot convert float NaN to integer
2025-05-09 18:57:23,578 - WARNING - nk.ecg_process failed: cannot convert float NaN to integer
2025-05-09 18:57:23,709 - WARNING - nk.ecg_process failed: integer division or modulo by zero
2025-05-09 18:57:23,798 - WARNING - nk.ecg_process failed: cannot convert float NaN to integer
2025-05-09 18:57:23,803 - WARNING - nk.ecg_process failed: cannot convert float NaN to integer
2025-05-09 18:57:23,920 - WARNING - nk.ecg_process failed: cannot convert float NaN to integer
2025-05-09 18:57:23,984 - WARNING - nk.ecg_process failed: cannot convert float NaN to integer
2025-05-09 18:57:23,988 - WARNING - nk.ecg_process failed: integer division or modulo by zero
2025-05-09 18:57:24,157 - WARNING - nk.ecg_process failed: cannot convert float NaN to integer
2025-05-09 18:57:24,161 - WARNING - nk.ecg_process failed: cannot convert float NaN to integer
2025-05-09 18:57:24,165 - WARNING - nk.ecg_process failed: cannot convert float NaN to integer
2025-05-09 18:57:24,221 - WARNING - nk.ecg_process failed: integer division or modulo by zero
2025-05-09 18:57:24,283 - INFO - sub-043_ses-01_task-szMonitoring_run-07_ecg.edf → sz=1, non=500
2025-05-09 18:57:54,953 - INFO - sub-043_ses-01_task-szMonitoring_run-05_ecg.edf → sz=1, non=500
2025-05-09 18:58:25,185 - INFO - sub-043_ses-01_task-szMonitoring_run-04_ecg.edf → sz=0, non=500
2025-05-09 18:58:58,726 - INFO - sub-043_ses-01_task-szMonitoring_run-08_ecg.edf → sz=2, non=500
2025-05-09 18:59:28,000 - INFO - sub-043_ses-01_task-szMonitoring_run-11_ecg.edf → sz=0, non=500
2025-05-09 19:00:00,140 - INFO - sub-043_ses-01_task-szMonitoring_run-01_ecg.edf → sz=0, non=500
2025-05-09 19:00:32,457 - INFO - sub-043_ses-01_task-szMonitoring_run-10_ecg.edf → sz=0, non=500
2025-05-09 19:01:02,875 - INFO - sub-043_ses-01_task-szMonitoring_run-09_ecg.edf → sz=0, non=500
2025-05-09 19:01:35,374 - INFO - sub-043_ses-01_task-szMonitoring_run-02_ecg.edf → sz=0, non=500
2025-05-09 19:02:06,096 - INFO - sub-043_ses-01_task-szMonitoring_run-03_ecg.edf → sz=0, non=500
